lv_color.h:602:26:lv_color_make	16	static
lv_color.h:675:26:lv_color_black	8	static
lv_area.h:120:20:lv_area_copy	16	static
lv_draw_arc.c:62:28:lv_draw_arc_dsc_init	24	static
lv_draw_arc.c:70:6:lv_draw_arc	360	static
lv_draw_arc.c:211:6:lv_draw_arc_get_area	32	static
lv_draw_arc.c:292:13:draw_quarter_0	40	static
lv_draw_arc.c:345:13:draw_quarter_1	40	static
lv_draw_arc.c:398:13:draw_quarter_2	40	static
lv_draw_arc.c:451:13:draw_quarter_3	40	static
lv_draw_arc.c:504:13:get_rounded_area	56	static
