lv_color.h:459:48:lv_color_mix	24	static
lv_color.h:602:26:lv_color_make	16	static
lv_color.h:607:26:lv_color_hex	16	static
lv_color.h:618:20:lv_color_filter_dsc_init	16	static
lv_color.h:674:26:lv_color_white	8	static
lv_area.h:263:26:lv_pct	16	static
lv_style.h:425:20:lv_style_set_pad_all	16	static
lv_style.h:432:20:lv_style_set_pad_hor	16	static
lv_style.h:437:20:lv_style_set_pad_ver	16	static
lv_style.h:442:20:lv_style_set_pad_gap	16	static
lv_style.h:447:20:lv_style_set_size	16	static
lv_disp.h:236:26:lv_disp_dpx	16	static
lv_theme_default.c:186:19:dark_color_filter_cb	16	static
lv_theme_default.c:192:19:grey_filter_cb	16	static
lv_theme_default.c:199:13:style_init	24	static
lv_theme_default.c:559:14:lv_theme_default_init	24	static
lv_theme_default.c:592:6:lv_theme_default_is_inited	4	static
lv_theme_default.c:598:13:theme_apply	24	static
lv_theme_default.c:972:13:style_init_reset	16	static
