stm32h747i_discovery_bus.c:190:9:BSP_I2C4_Init	16	static
stm32h747i_discovery_bus.c:241:9:BSP_I2C4_DeInit	16	static
stm32h747i_discovery_bus.c:268:26:MX_I2C4_Init	24	static
stm32h747i_discovery_bus.c:314:9:BSP_I2C4_WriteReg	40	static
stm32h747i_discovery_bus.c:351:9:BSP_I2C4_ReadReg	40	static
stm32h747i_discovery_bus.c:388:9:BSP_I2C4_WriteReg16	40	static
stm32h747i_discovery_bus.c:425:9:BSP_I2C4_ReadReg16	40	static
stm32h747i_discovery_bus.c:461:9:BSP_I2C4_IsReady	24	static
stm32h747i_discovery_bus.c:483:9:BSP_GetTick	8	static
stm32h747i_discovery_bus.c:572:17:I2C_GetTiming	32	static
stm32h747i_discovery_bus.c:610:13:I2C_Compute_PRESC_SCLDEL_SDADEL	64	static
stm32h747i_discovery_bus.c:691:17:I2C_Compute_SCLL_SCLH	80	static
stm32h747i_discovery_bus.c:769:13:I2C4_MspInit	48	static
stm32h747i_discovery_bus.c:814:13:I2C4_MspDeInit	40	static
stm32h747i_discovery_bus.c:840:16:I2C4_WriteReg	40	static
stm32h747i_discovery_bus.c:859:16:I2C4_ReadReg	40	static
