stm32h747i_discovery_qspi.c:133:9:BSP_QSPI_Init	72	static,ignoring_inline_asm
stm32h747i_discovery_qspi.c:218:9:BSP_QSPI_DeInit	24	static
stm32h747i_discovery_qspi.c:267:26:MX_QSPI_Init	16	static
stm32h747i_discovery_qspi.c:365:9:BSP_QSPI_Read	40	static
stm32h747i_discovery_qspi.c:404:9:BSP_QSPI_Write	56	static
stm32h747i_discovery_qspi.c:474:9:BSP_QSPI_EraseBlock	32	static
stm32h747i_discovery_qspi.c:513:9:BSP_QSPI_EraseChip	24	static
stm32h747i_discovery_qspi.c:553:9:BSP_QSPI_GetStatus	24	static
stm32h747i_discovery_qspi.c:589:9:BSP_QSPI_GetInfo	24	static
stm32h747i_discovery_qspi.c:613:9:BSP_QSPI_EnableMemoryMappedMode	24	static
stm32h747i_discovery_qspi.c:658:9:BSP_QSPI_DisableMemoryMappedMode	32	static
stm32h747i_discovery_qspi.c:709:9:BSP_QSPI_ReadID	24	static
stm32h747i_discovery_qspi.c:739:9:BSP_QSPI_ConfigFlash	24	static
stm32h747i_discovery_qspi.c:826:13:QSPI_MspInit	88	static
stm32h747i_discovery_qspi.c:913:13:QSPI_MspDeInit	16	static
stm32h747i_discovery_qspi.c:949:16:QSPI_ResetMemory	24	static
stm32h747i_discovery_qspi.c:991:16:QSPI_DummyCyclesCfg	80	static
