stm32h747i_discovery_ts.c:121:9:BSP_TS_Init	40	static
stm32h747i_discovery_ts.c:172:9:BSP_TS_DeInit	24	static
stm32h747i_discovery_ts.c:201:9:BSP_TS_GetCapabilities	24	static
stm32h747i_discovery_ts.c:223:9:BSP_TS_EnableIT	48	static
stm32h747i_discovery_ts.c:269:9:BSP_TS_DisableIT	40	static
stm32h747i_discovery_ts.c:305:13:BSP_TS_Callback	16	static
stm32h747i_discovery_ts.c:320:9:BSP_TS_GetState	48	static
stm32h747i_discovery_ts.c:406:9:BSP_TS_Get_MultiTouchState	96	static
stm32h747i_discovery_ts.c:497:9:BSP_TS_GestureConfig	24	static
stm32h747i_discovery_ts.c:522:9:BSP_TS_GetGestureId	24	static
stm32h747i_discovery_ts.c:579:9:BSP_TS_Set_Orientation	16	static
stm32h747i_discovery_ts.c:591:9:BSP_TS_Get_Orientation	16	static
stm32h747i_discovery_ts.c:602:6:BSP_TS_IRQHandler	16	static
stm32h747i_discovery_ts.c:619:16:FT6X06_Probe	72	static
stm32h747i_discovery_ts.c:676:13:TS_EXTI_Callback	8	static
