stm32h747i_discovery_sd.c:144:9:BSP_SD_Init	24	static
stm32h747i_discovery_sd.c:229:9:BSP_SD_DeInit	24	static
stm32h747i_discovery_sd.c:259:26:MX_SDMMC1_SD_Init	24	static
stm32h747i_discovery_sd.c:366:9:BSP_SD_DetectITConfig	48	static
stm32h747i_discovery_sd.c:409:13:BSP_SD_DetectCallback	16	static
stm32h747i_discovery_sd.c:424:9:BSP_SD_IsDetected	24	static
stm32h747i_discovery_sd.c:457:9:BSP_SD_ReadBlocks	40	static
stm32h747i_discovery_sd.c:486:9:BSP_SD_WriteBlocks	40	static
stm32h747i_discovery_sd.c:515:9:BSP_SD_ReadBlocks_DMA	32	static
stm32h747i_discovery_sd.c:543:9:BSP_SD_WriteBlocks_DMA	32	static
stm32h747i_discovery_sd.c:571:9:BSP_SD_ReadBlocks_IT	32	static
stm32h747i_discovery_sd.c:599:9:BSP_SD_WriteBlocks_IT	32	static
stm32h747i_discovery_sd.c:627:9:BSP_SD_Erase	32	static
stm32h747i_discovery_sd.c:655:9:BSP_SD_GetCardState	16	static
stm32h747i_discovery_sd.c:666:9:BSP_SD_GetCardInfo	24	static
stm32h747i_discovery_sd.c:691:6:HAL_SD_AbortCallback	16	static
stm32h747i_discovery_sd.c:701:6:HAL_SD_TxCpltCallback	16	static
stm32h747i_discovery_sd.c:711:6:HAL_SD_RxCpltCallback	16	static
stm32h747i_discovery_sd.c:741:6:BSP_SD_DETECT_IRQHandler	16	static
stm32h747i_discovery_sd.c:751:6:BSP_SD_IRQHandler	16	static
stm32h747i_discovery_sd.c:762:13:BSP_SD_AbortCallback	16	static
stm32h747i_discovery_sd.c:773:13:BSP_SD_WriteCpltCallback	16	static
stm32h747i_discovery_sd.c:784:13:BSP_SD_ReadCpltCallback	16	static
stm32h747i_discovery_sd.c:833:13:SD_EXTI_Callback	16	static
stm32h747i_discovery_sd.c:845:13:SD_MspInit	64	static
stm32h747i_discovery_sd.c:922:13:SD_MspDeInit	40	static
