tft.c:149:6:monitor_cb	24	static
tft.c:157:6:tft_init_1	8	static
tft.c:167:6:tft_init_2	16	static
tft.c:200:13:tft_flush_cb	56	static,ignoring_inline_asm
tft.c:241:6:LCD_SetUpdateRegion	24	static
tft.c:253:6:HAL_DSI_TearingEffectCallback	16	static
tft.c:263:6:HAL_DSI_EndOfRefreshCallback	32	static
tft.c:302:13:DMA_TransferComplete	16	static
tft.c:339:13:DMA_TransferError	16	static
tft.c:345:9:DSI_IO_Write	40	static
tft.c:375:10:DSI_IO_Read	48	static
tft.c:388:7:MX_GPIO_Init_LCD	64	static
tft.c:438:6:MX_DMA2D_Init	8	static
tft.c:467:6:MX_DSIHOST_DSI_Init	176	static
tft.c:576:6:MX_LTDC_Init	120	static
tft.c:679:6:MX_DMA_Init	16	static
tft.c:712:6:MX_FMC_Init	40	static
tft.c:770:6:HAL_DMA2D_MspInit	24	static
tft.c:795:6:HAL_DMA2D_MspDeInit	16	static
tft.c:820:6:HAL_DSI_MspInit	240	static
tft.c:874:6:HAL_DSI_MspDeInit	16	static
tft.c:910:6:HAL_LTDC_MspInit	216	static
tft.c:952:6:HAL_LTDC_MspDeInit	16	static
tft.c:975:13:HAL_FMC_MspInit	224	static
tft.c:1118:6:HAL_SDRAM_MspInit	16	static
tft.c:1130:13:HAL_FMC_MspDeInit	8	static
tft.c:1226:6:HAL_SDRAM_MspDeInit	16	static
tft.c:1239:6:DMA2_Stream0_IRQHandler	8	static
tft.c:1253:6:LTDC_IRQHandler	8	static
tft.c:1267:6:DMA2D_IRQHandler	8	static
tft.c:1281:6:DSI_IRQHandler	8	static
