Archive member included to satisfy reference by file (symbol)

/opt/st/stm32cubeide_1.7.0/plugins/com.st.stm32cube.ide.mcu.externaltools.gnu-tools-for-stm32.9-2020-q2-update.linux64_2.0.0.202105311346/tools/bin/../lib/gcc/arm-none-eabi/9.3.1/../../../../arm-none-eabi/lib/thumb/v7e-m+fp/hard/libc_nano.a(lib_a-errno.o)
                              ./Core/Src/syscalls.o (__errno)
/opt/st/stm32cubeide_1.7.0/plugins/com.st.stm32cube.ide.mcu.externaltools.gnu-tools-for-stm32.9-2020-q2-update.linux64_2.0.0.202105311346/tools/bin/../lib/gcc/arm-none-eabi/9.3.1/../../../../arm-none-eabi/lib/thumb/v7e-m+fp/hard/libc_nano.a(lib_a-exit.o)
                              /opt/st/stm32cubeide_1.7.0/plugins/com.st.stm32cube.ide.mcu.externaltools.gnu-tools-for-stm32.9-2020-q2-update.linux64_2.0.0.202105311346/tools/bin/../lib/gcc/arm-none-eabi/9.3.1/../../../../arm-none-eabi/lib/thumb/v7e-m+fp/hard/crt0.o (exit)
/opt/st/stm32cubeide_1.7.0/plugins/com.st.stm32cube.ide.mcu.externaltools.gnu-tools-for-stm32.9-2020-q2-update.linux64_2.0.0.202105311346/tools/bin/../lib/gcc/arm-none-eabi/9.3.1/../../../../arm-none-eabi/lib/thumb/v7e-m+fp/hard/libc_nano.a(lib_a-findfp.o)
                              ./Middlewares/Third_Party/FreeRTOS/tasks.o (__sf_fake_stderr)
/opt/st/stm32cubeide_1.7.0/plugins/com.st.stm32cube.ide.mcu.externaltools.gnu-tools-for-stm32.9-2020-q2-update.linux64_2.0.0.202105311346/tools/bin/../lib/gcc/arm-none-eabi/9.3.1/../../../../arm-none-eabi/lib/thumb/v7e-m+fp/hard/libc_nano.a(lib_a-fwalk.o)
                              /opt/st/stm32cubeide_1.7.0/plugins/com.st.stm32cube.ide.mcu.externaltools.gnu-tools-for-stm32.9-2020-q2-update.linux64_2.0.0.202105311346/tools/bin/../lib/gcc/arm-none-eabi/9.3.1/../../../../arm-none-eabi/lib/thumb/v7e-m+fp/hard/libc_nano.a(lib_a-findfp.o) (_fwalk)
/opt/st/stm32cubeide_1.7.0/plugins/com.st.stm32cube.ide.mcu.externaltools.gnu-tools-for-stm32.9-2020-q2-update.linux64_2.0.0.202105311346/tools/bin/../lib/gcc/arm-none-eabi/9.3.1/../../../../arm-none-eabi/lib/thumb/v7e-m+fp/hard/libc_nano.a(lib_a-impure.o)
                              /opt/st/stm32cubeide_1.7.0/plugins/com.st.stm32cube.ide.mcu.externaltools.gnu-tools-for-stm32.9-2020-q2-update.linux64_2.0.0.202105311346/tools/bin/../lib/gcc/arm-none-eabi/9.3.1/../../../../arm-none-eabi/lib/thumb/v7e-m+fp/hard/libc_nano.a(lib_a-exit.o) (_global_impure_ptr)
/opt/st/stm32cubeide_1.7.0/plugins/com.st.stm32cube.ide.mcu.externaltools.gnu-tools-for-stm32.9-2020-q2-update.linux64_2.0.0.202105311346/tools/bin/../lib/gcc/arm-none-eabi/9.3.1/../../../../arm-none-eabi/lib/thumb/v7e-m+fp/hard/libc_nano.a(lib_a-init.o)
                              /opt/st/stm32cubeide_1.7.0/plugins/com.st.stm32cube.ide.mcu.externaltools.gnu-tools-for-stm32.9-2020-q2-update.linux64_2.0.0.202105311346/tools/bin/../lib/gcc/arm-none-eabi/9.3.1/../../../../arm-none-eabi/lib/thumb/v7e-m+fp/hard/crt0.o (__libc_init_array)
/opt/st/stm32cubeide_1.7.0/plugins/com.st.stm32cube.ide.mcu.externaltools.gnu-tools-for-stm32.9-2020-q2-update.linux64_2.0.0.202105311346/tools/bin/../lib/gcc/arm-none-eabi/9.3.1/../../../../arm-none-eabi/lib/thumb/v7e-m+fp/hard/libc_nano.a(lib_a-lock.o)
                              /opt/st/stm32cubeide_1.7.0/plugins/com.st.stm32cube.ide.mcu.externaltools.gnu-tools-for-stm32.9-2020-q2-update.linux64_2.0.0.202105311346/tools/bin/../lib/gcc/arm-none-eabi/9.3.1/../../../../arm-none-eabi/lib/thumb/v7e-m+fp/hard/libc_nano.a(lib_a-findfp.o) (__retarget_lock_init_recursive)
/opt/st/stm32cubeide_1.7.0/plugins/com.st.stm32cube.ide.mcu.externaltools.gnu-tools-for-stm32.9-2020-q2-update.linux64_2.0.0.202105311346/tools/bin/../lib/gcc/arm-none-eabi/9.3.1/../../../../arm-none-eabi/lib/thumb/v7e-m+fp/hard/libc_nano.a(lib_a-memcpy-stub.o)
                              ./Middlewares/Third_Party/FreeRTOS/cmsis_os2.o (memcpy)
/opt/st/stm32cubeide_1.7.0/plugins/com.st.stm32cube.ide.mcu.externaltools.gnu-tools-for-stm32.9-2020-q2-update.linux64_2.0.0.202105311346/tools/bin/../lib/gcc/arm-none-eabi/9.3.1/../../../../arm-none-eabi/lib/thumb/v7e-m+fp/hard/libc_nano.a(lib_a-memset.o)
                              /opt/st/stm32cubeide_1.7.0/plugins/com.st.stm32cube.ide.mcu.externaltools.gnu-tools-for-stm32.9-2020-q2-update.linux64_2.0.0.202105311346/tools/bin/../lib/gcc/arm-none-eabi/9.3.1/../../../../arm-none-eabi/lib/thumb/v7e-m+fp/hard/crt0.o (memset)
/opt/st/stm32cubeide_1.7.0/plugins/com.st.stm32cube.ide.mcu.externaltools.gnu-tools-for-stm32.9-2020-q2-update.linux64_2.0.0.202105311346/tools/bin/../lib/gcc/arm-none-eabi/9.3.1/../../../../arm-none-eabi/lib/thumb/v7e-m+fp/hard/libc_nano.a(lib_a-nano-mallocr.o)
                              /opt/st/stm32cubeide_1.7.0/plugins/com.st.stm32cube.ide.mcu.externaltools.gnu-tools-for-stm32.9-2020-q2-update.linux64_2.0.0.202105311346/tools/bin/../lib/gcc/arm-none-eabi/9.3.1/../../../../arm-none-eabi/lib/thumb/v7e-m+fp/hard/libc_nano.a(lib_a-findfp.o) (_malloc_r)
[...]
Memory Configuration

Name             Origin             Length             Attributes
FLASH            0x0000000008100000 0x0000000000100000 xr
RAM              0x0000000010000000 0x0000000000040000 xrw
xtx_ctrl         0x0000000010040000 0x0000000000000004 xrw
xtx_data         0x0000000010040004 0x0000000000000004 xrw
xrx_ctrl         0x0000000010040008 0x0000000000000004 xrw
xrx_data         0x000000001004000c 0x0000000000000004 xrw
SHRAM            0x0000000010040020 0x0000000000007c00 xrw
*default*        0x0000000000000000 0xffffffffffffffff

Linker script and memory map

LOAD /opt/st/stm32cubeide_1.7.0/plugins/com.st.stm32cube.ide.mcu.externaltools.gnu-tools-for-stm32.9-2020-q2-update.linux64_2.0.0.202105311346/tools/bin/../lib/gcc/arm-none-eabi/9.3.1/thumb/v7e-m+fp/hard/crti.o
LOAD /opt/st/stm32cubeide_1.7.0/plugins/com.st.stm32cube.ide.mcu.externaltools.gnu-tools-for-stm32.9-2020-q2-update.linux64_2.0.0.202105311346/tools/bin/../lib/gcc/arm-none-eabi/9.3.1/thumb/v7e-m+fp/hard/crtbegin.o
LOAD /opt/st/stm32cubeide_1.7.0/plugins/com.st.stm32cube.ide.mcu.externaltools.gnu-tools-for-stm32.9-2020-q2-update.linux64_2.0.0.202105311346/tools/bin/../lib/gcc/arm-none-eabi/9.3.1/../../../../arm-none-eabi/lib/thumb/v7e-m+fp/hard/crt0.o
LOAD ./Common/Src/system_stm32h7xx_dualcore_boot_cm4_cm7.o
LOAD ./Core/STIPC/Core/Common/Src/cm_ipc.o
LOAD ./Core/Src/freertos.o
LOAD ./Core/Src/main.o
LOAD ./Core/Src/stm32h7xx_hal_msp.o
LOAD ./Core/Src/stm32h7xx_hal_timebase_tim.o
LOAD ./Core/Src/stm32h7xx_it.o
LOAD ./Core/Src/syscalls.o
LOAD ./Core/Src/sysmem.o
LOAD ./Core/Startup/startup_stm32h747xihx.o
LOAD ./Drivers/STM32H7xx_HAL_Driver/stm32h7xx_hal.o
LOAD ./Drivers/STM32H7xx_HAL_Driver/stm32h7xx_hal_cortex.o
LOAD ./Drivers/STM32H7xx_HAL_Driver/stm32h7xx_hal_dma.o
LOAD ./Drivers/STM32H7xx_HAL_Driver/stm32h7xx_hal_dma_ex.o
LOAD ./Drivers/STM32H7xx_HAL_Driver/stm32h7xx_hal_exti.o
LOAD ./Drivers/STM32H7xx_HAL_Driver/stm32h7xx_hal_flash.o
LOAD ./Drivers/STM32H7xx_HAL_Driver/stm32h7xx_hal_flash_ex.o
LOAD ./Drivers/STM32H7xx_HAL_Driver/stm32h7xx_hal_gpio.o
LOAD ./Drivers/STM32H7xx_HAL_Driver/stm32h7xx_hal_hsem.o
LOAD ./Drivers/STM32H7xx_HAL_Driver/stm32h7xx_hal_i2c.o
LOAD ./Drivers/STM32H7xx_HAL_Driver/stm32h7xx_hal_i2c_ex.o
LOAD ./Drivers/STM32H7xx_HAL_Driver/stm32h7xx_hal_mdma.o
LOAD ./Drivers/STM32H7xx_HAL_Driver/stm32h7xx_hal_pwr.o
LOAD ./Drivers/STM32H7xx_HAL_Driver/stm32h7xx_hal_pwr_ex.o
LOAD ./Drivers/STM32H7xx_HAL_Driver/stm32h7xx_hal_rcc.o
LOAD ./Drivers/STM32H7xx_HAL_Driver/stm32h7xx_hal_rcc_ex.o
LOAD ./Drivers/STM32H7xx_HAL_Driver/stm32h7xx_hal_tim.o
LOAD ./Drivers/STM32H7xx_HAL_Driver/stm32h7xx_hal_tim_ex.o
LOAD ./Middlewares/Third_Party/FreeRTOS/cmsis_os2.o
LOAD ./Middlewares/Third_Party/FreeRTOS/croutine.o
LOAD ./Middlewares/Third_Party/FreeRTOS/event_groups.o
LOAD ./Middlewares/Third_Party/FreeRTOS/heap_4.o
LOAD ./Middlewares/Third_Party/FreeRTOS/list.o
LOAD ./Middlewares/Third_Party/FreeRTOS/port.o
LOAD ./Middlewares/Third_Party/FreeRTOS/queue.o
LOAD ./Middlewares/Third_Party/FreeRTOS/stream_buffer.o
LOAD ./Middlewares/Third_Party/FreeRTOS/tasks.o
LOAD ./Middlewares/Third_Party/FreeRTOS/timers.o
START GROUP
LOAD /opt/st/stm32cubeide_1.7.0/plugins/com.st.stm32cube.ide.mcu.externaltools.gnu-tools-for-stm32.9-2020-q2-update.linux64_2.0.0.202105311346/tools/bin/../lib/gcc/arm-none-eabi/9.3.1/../../../../arm-none-eabi/lib/thumb/v7e-m+fp/hard/libc_nano.a
LOAD /opt/st/stm32cubeide_1.7.0/plugins/com.st.stm32cube.ide.mcu.externaltools.gnu-tools-for-stm32.9-2020-q2-update.linux64_2.0.0.202105311346/tools/bin/../lib/gcc/arm-none-eabi/9.3.1/../../../../arm-none-eabi/lib/thumb/v7e-m+fp/hard/libm.a
END GROUP
START GROUP
LOAD /opt/st/stm32cubeide_1.7.0/plugins/com.st.stm32cube.ide.mcu.externaltools.gnu-tools-for-stm32.9-2020-q2-update.linux64_2.0.0.202105311346/tools/bin/../lib/gcc/arm-none-eabi/9.3.1/thumb/v7e-m+fp/hard/libgcc.a
LOAD /opt/st/stm32cubeide_1.7.0/plugins/com.st.stm32cube.ide.mcu.externaltools.gnu-tools-for-stm32.9-2020-q2-update.linux64_2.0.0.202105311346/tools/bin/../lib/gcc/arm-none-eabi/9.3.1/../../../../arm-none-eabi/lib/thumb/v7e-m+fp/hard/libc_nano.a
END GROUP
START GROUP
LOAD /opt/st/stm32cubeide_1.7.0/plugins/com.st.stm32cube.ide.mcu.externaltools.gnu-tools-for-stm32.9-2020-q2-update.linux64_2.0.0.202105311346/tools/bin/../lib/gcc/arm-none-eabi/9.3.1/thumb/v7e-m+fp/hard/libgcc.a
LOAD /opt/st/stm32cubeide_1.7.0/plugins/com.st.stm32cube.ide.mcu.externaltools.gnu-tools-for-stm32.9-2020-q2-update.linux64_2.0.0.202105311346/tools/bin/../lib/gcc/arm-none-eabi/9.3.1/../../../../arm-none-eabi/lib/thumb/v7e-m+fp/hard/libc_nano.a
LOAD /opt/st/stm32cubeide_1.7.0/plugins/com.st.stm32cube.ide.mcu.externaltools.gnu-tools-for-stm32.9-2020-q2-update.linux64_2.0.0.202105311346/tools/bin/../lib/gcc/arm-none-eabi/9.3.1/../../../../arm-none-eabi/lib/thumb/v7e-m+fp/hard/libnosys.a
END GROUP
START GROUP
LOAD /opt/st/stm32cubeide_1.7.0/plugins/com.st.stm32cube.ide.mcu.externaltools.gnu-tools-for-stm32.9-2020-q2-update.linux64_2.0.0.202105311346/tools/bin/../lib/gcc/arm-none-eabi/9.3.1/thumb/v7e-m+fp/hard/libgcc.a
LOAD /opt/st/stm32cubeide_1.7.0/plugins/com.st.stm32cube.ide.mcu.externaltools.gnu-tools-for-stm32.9-2020-q2-update.linux64_2.0.0.202105311346/tools/bin/../lib/gcc/arm-none-eabi/9.3.1/../../../../arm-none-eabi/lib/thumb/v7e-m+fp/hard/libc_nano.a
LOAD /opt/st/stm32cubeide_1.7.0/plugins/com.st.stm32cube.ide.mcu.externaltools.gnu-tools-for-stm32.9-2020-q2-update.linux64_2.0.0.202105311346/tools/bin/../lib/gcc/arm-none-eabi/9.3.1/../../../../arm-none-eabi/lib/thumb/v7e-m+fp/hard/libnosys.a
END GROUP
LOAD /opt/st/stm32cubeide_1.7.0/plugins/com.st.stm32cube.ide.mcu.externaltools.gnu-tools-for-stm32.9-2020-q2-update.linux64_2.0.0.202105311346/tools/bin/../lib/gcc/arm-none-eabi/9.3.1/thumb/v7e-m+fp/hard/crtend.o
LOAD /opt/st/stm32cubeide_1.7.0/plugins/com.st.stm32cube.ide.mcu.externaltools.gnu-tools-for-stm32.9-2020-q2-update.linux64_2.0.0.202105311346/tools/bin/../lib/gcc/arm-none-eabi/9.3.1/thumb/v7e-m+fp/hard/crtn.o
                0x0000000010048000                _estack = 0x10048000
                0x0000000000000200                _Min_Heap_Size = 0x200
                0x0000000000000800                _Min_Stack_Size = 0x800

.isr_vector     0x0000000008100000      0x298
                0x0000000008100000                . = ALIGN (0x4)
 *(.isr_vector)
 .isr_vector    0x0000000008100000      0x298 ./Core/Startup/startup_stm32h747xihx.o
                0x0000000008100000                g_pfnVectors
                0x0000000008100298                . = ALIGN (0x4)

.text           0x00000000081002a0     0x52d8
                0x00000000081002a0                . = ALIGN (0x4)
 *(.text)
 .text          0x00000000081002a0       0x40 /opt/st/stm32cubeide_1.7.0/plugins/com.st.stm32cube.ide.mcu.externaltools.gnu-tools-for-stm32.9-2020-q2-update.linux64_2.0.0.202105311346/tools/bin/../lib/gcc/arm-none-eabi/9.3.1/thumb/v7e-m+fp/hard/crtbegin.o
 *(.text*)
 .text.SystemInit
                0x00000000081002e0       0x38 ./Common/Src/system_stm32h7xx_dualcore_boot_cm4_cm7.o
                0x00000000081002e0                SystemInit
 .text.HAL_HSEM_FreeCallback
                0x0000000008100318       0x3c ./Core/STIPC/Core/Common/Src/cm_ipc.o
                0x0000000008100318                HAL_HSEM_FreeCallback
 .text.ipc_init
                0x0000000008100354      0x11c ./Core/STIPC/Core/Common/Src/cm_ipc.o
                0x0000000008100354                ipc_init
 .text.prvCoreInterruptHandler
                0x0000000008100470       0x5c ./Core/STIPC/Core/Common/Src/cm_ipc.o
 .text.vGenerateRemoteInterrupt
                0x00000000081004cc       0x48 ./Core/STIPC/Core/Common/Src/cm_ipc.o
                0x00000000081004cc                vGenerateRemoteInterrupt
 .text.ipc_sendmsg
                0x0000000008100514       0x38 ./Core/STIPC/Core/Common/Src/cm_ipc.o
                0x0000000008100514                ipc_sendmsg
 .text.ipc_recvmsg
                0x000000000810054c       0x44 ./Core/STIPC/Core/Common/Src/cm_ipc.o
                0x000000000810054c                ipc_recvmsg
 .text.main     0x0000000008100590       0x84 ./Core/Src/main.o
                0x0000000008100590                main
 .text.MX_GPIO_Init
                0x0000000008100614       0x6c ./Core/Src/main.o
 .text.send_message
                0x0000000008100680       0x40 ./Core/Src/main.o
 .text.StartDefaultTask
                0x00000000081006c0       0x70 ./Core/Src/main.o
                0x00000000081006c0                StartDefaultTask
 .text.HAL_TIM_PeriodElapsedCallback
                0x0000000008100730       0x24 ./Core/Src/main.o
                0x0000000008100730                HAL_TIM_PeriodElapsedCallback
 .text.Error_Handler
                0x0000000008100754        0xa ./Core/Src/main.o
                0x0000000008100754                Error_Handler
 *fill*         0x000000000810075e        0x2 
 .text.HAL_MspInit
                0x0000000008100760       0x3c ./Core/Src/stm32h7xx_hal_msp.o
                0x0000000008100760                HAL_MspInit
 .text.HAL_InitTick
                0x000000000810079c       0xd8 ./Core/Src/stm32h7xx_hal_timebase_tim.o
                0x000000000810079c                HAL_InitTick
 .text.NMI_Handler
                0x0000000008100874        0x6 ./Core/Src/stm32h7xx_it.o
                0x0000000008100874                NMI_Handler
 .text.HardFault_Handler
                0x000000000810087a        0x6 ./Core/Src/stm32h7xx_it.o
                0x000000000810087a                HardFault_Handler
 .text.MemManage_Handler
                0x0000000008100880        0x6 ./Core/Src/stm32h7xx_it.o
                0x0000000008100880                MemManage_Handler
 .text.BusFault_Handler
                0x0000000008100886        0x6 ./Core/Src/stm32h7xx_it.o
                0x0000000008100886                BusFault_Handler
 .text.UsageFault_Handler
                0x000000000810088c        0x6 ./Core/Src/stm32h7xx_it.o
                0x000000000810088c                UsageFault_Handler
 .text.DebugMon_Handler
                0x0000000008100892        0xe ./Core/Src/stm32h7xx_it.o
                0x0000000008100892                DebugMon_Handler
 .text.TIM3_IRQHandler
                0x00000000081008a0       0x14 ./Core/Src/stm32h7xx_it.o
                0x00000000081008a0                TIM3_IRQHandler
 .text.HSEM2_IRQHandler
                0x00000000081008b4        0xc ./Core/Src/stm32h7xx_it.o
                0x00000000081008b4                HSEM2_IRQHandler
 .text.Reset_Handler
                0x00000000081008c0       0x50 ./Core/Startup/startup_stm32h747xihx.o
                0x00000000081008c0                Reset_Handler
 .text.Default_Handler
                0x0000000008100910        0x2 ./Core/Startup/startup_stm32h747xihx.o
                0x0000000008100910                RTC_Alarm_IRQHandler
                0x0000000008100910                EXTI2_IRQHandler
                0x0000000008100910                TIM8_CC_IRQHandler
                0x0000000008100910                HRTIM1_Master_IRQHandler
                0x0000000008100910                UART8_IRQHandler
                0x0000000008100910                SPI4_IRQHandler
                0x0000000008100910                TIM1_CC_IRQHandler
                0x0000000008100910                BDMA_Channel6_IRQHandler
                0x0000000008100910                DMA2_Stream5_IRQHandler
                0x0000000008100910                HRTIM1_FLT_IRQHandler
                0x0000000008100910                JPEG_IRQHandler
                0x0000000008100910                DMA1_Stream5_IRQHandler
                0x0000000008100910                BDMA_Channel1_IRQHandler
                0x0000000008100910                HRTIM1_TIMD_IRQHandler
                0x0000000008100910                TAMP_STAMP_IRQHandler
                0x0000000008100910                EXTI3_IRQHandler
                0x0000000008100910                LPTIM4_IRQHandler
                0x0000000008100910                TIM8_TRG_COM_TIM14_IRQHandler
                0x0000000008100910                LPTIM2_IRQHandler
                0x0000000008100910                DFSDM1_FLT1_IRQHandler
                0x0000000008100910                DMAMUX2_OVR_IRQHandler
                0x0000000008100910                TIM8_UP_TIM13_IRQHandler
                0x0000000008100910                I2C3_ER_IRQHandler
                0x0000000008100910                DFSDM1_FLT2_IRQHandler
                0x0000000008100910                MDMA_IRQHandler
                0x0000000008100910                LPTIM3_IRQHandler
                0x0000000008100910                HSEM1_IRQHandler
                0x0000000008100910                EXTI0_IRQHandler
                0x0000000008100910                I2C2_EV_IRQHandler
                0x0000000008100910                DMA1_Stream2_IRQHandler
                0x0000000008100910                FPU_IRQHandler
                0x0000000008100910                OTG_HS_WKUP_IRQHandler
                0x0000000008100910                FDCAN1_IT1_IRQHandler
                0x0000000008100910                LTDC_ER_IRQHandler
                0x0000000008100910                DMA2_Stream2_IRQHandler
                0x0000000008100910                HRTIM1_TIME_IRQHandler
                0x0000000008100910                SPI1_IRQHandler
                0x0000000008100910                TIM6_DAC_IRQHandler
                0x0000000008100910                DCMI_IRQHandler
                0x0000000008100910                HRTIM1_TIMC_IRQHandler
                0x0000000008100910                DMA2_Stream3_IRQHandler
                0x0000000008100910                SAI2_IRQHandler
                0x0000000008100910                DFSDM1_FLT3_IRQHandler
                0x0000000008100910                USART6_IRQHandler
                0x0000000008100910                TIM17_IRQHandler
                0x0000000008100910                USART3_IRQHandler
                0x0000000008100910                BDMA_Channel7_IRQHandler
                0x0000000008100910                LPTIM5_IRQHandler
                0x0000000008100910                UART5_IRQHandler
                0x0000000008100910                ADC3_IRQHandler
                0x0000000008100910                DMA2_Stream0_IRQHandler
                0x0000000008100910                TIM4_IRQHandler
                0x0000000008100910                BDMA_Channel2_IRQHandler
                0x0000000008100910                QUADSPI_IRQHandler
                0x0000000008100910                I2C1_EV_IRQHandler
                0x0000000008100910                DMA1_Stream6_IRQHandler
                0x0000000008100910                DMAMUX1_OVR_IRQHandler
                0x0000000008100910                DMA1_Stream1_IRQHandler
                0x0000000008100910                TIM16_IRQHandler
                0x0000000008100910                UART4_IRQHandler
                0x0000000008100910                BDMA_Channel5_IRQHandler
                0x0000000008100910                RCC_IRQHandler
                0x0000000008100910                TIM8_BRK_TIM12_IRQHandler
                0x0000000008100910                TIM1_TRG_COM_IRQHandler
                0x0000000008100910                Default_Handler
                0x0000000008100910                ECC_IRQHandler
                0x0000000008100910                CEC_IRQHandler
                0x0000000008100910                EXTI15_10_IRQHandler
                0x0000000008100910                BDMA_Channel0_IRQHandler
                0x0000000008100910                ADC_IRQHandler
                0x0000000008100910                DMA1_Stream7_IRQHandler
                0x0000000008100910                HRTIM1_TIMA_IRQHandler
                0x0000000008100910                SPI5_IRQHandler
                0x0000000008100910                TIM7_IRQHandler
                0x0000000008100910                SDMMC1_IRQHandler
                0x0000000008100910                TIM5_IRQHandler
                0x0000000008100910                DMA2_Stream7_IRQHandler
                0x0000000008100910                TIM15_IRQHandler
                0x0000000008100910                PVD_AVD_IRQHandler
                0x0000000008100910                I2C3_EV_IRQHandler
                0x0000000008100910                EXTI9_5_IRQHandler
                0x0000000008100910                RTC_WKUP_IRQHandler
                0x0000000008100910                LTDC_IRQHandler
                0x0000000008100910                SAI3_IRQHandler
                0x0000000008100910                ETH_WKUP_IRQHandler
                0x0000000008100910                SPDIF_RX_IRQHandler
                0x0000000008100910                SPI2_IRQHandler
                0x0000000008100910                OTG_HS_EP1_IN_IRQHandler
                0x0000000008100910                DMA1_Stream0_IRQHandler
                0x0000000008100910                CRS_IRQHandler
                0x0000000008100910                CM7_SEV_IRQHandler
                0x0000000008100910                EXTI4_IRQHandler
                0x0000000008100910                RNG_IRQHandler
                0x0000000008100910                CM4_SEV_IRQHandler
                0x0000000008100910                HRTIM1_TIMB_IRQHandler
                0x0000000008100910                FDCAN2_IT1_IRQHandler
                0x0000000008100910                DSI_IRQHandler
                0x0000000008100910                ETH_IRQHandler
                0x0000000008100910                TIM1_UP_IRQHandler
                0x0000000008100910                WWDG_RST_IRQHandler
                0x0000000008100910                BDMA_Channel4_IRQHandler
                0x0000000008100910                OTG_HS_EP1_OUT_IRQHandler
                0x0000000008100910                WWDG_IRQHandler
                0x0000000008100910                SPI6_IRQHandler
                0x0000000008100910                MDIOS_IRQHandler
                0x0000000008100910                I2C4_EV_IRQHandler
                0x0000000008100910                FDCAN2_IT0_IRQHandler
                0x0000000008100910                LPUART1_IRQHandler
                0x0000000008100910                FDCAN1_IT0_IRQHandler
                0x0000000008100910                TIM2_IRQHandler
                0x0000000008100910                OTG_FS_WKUP_IRQHandler
                0x0000000008100910                OTG_HS_IRQHandler
                0x0000000008100910                DMA2D_IRQHandler
                0x0000000008100910                TIM1_BRK_IRQHandler
                0x0000000008100910                EXTI1_IRQHandler
                0x0000000008100910                SDMMC2_IRQHandler
                0x0000000008100910                OTG_FS_EP1_OUT_IRQHandler
                0x0000000008100910                BDMA_Channel3_IRQHandler
                0x0000000008100910                HOLD_CORE_IRQHandler
                0x0000000008100910                UART7_IRQHandler
                0x0000000008100910                MDIOS_WKUP_IRQHandler
                0x0000000008100910                USART2_IRQHandler
                0x0000000008100910                DFSDM1_FLT0_IRQHandler
                0x0000000008100910                SAI4_IRQHandler
                0x0000000008100910                I2C2_ER_IRQHandler
                0x0000000008100910                DMA2_Stream1_IRQHandler
                0x0000000008100910                FLASH_IRQHandler
                0x0000000008100910                DMA2_Stream4_IRQHandler
                0x0000000008100910                USART1_IRQHandler
                0x0000000008100910                OTG_FS_IRQHandler
                0x0000000008100910                SPI3_IRQHandler
                0x0000000008100910                WAKEUP_PIN_IRQHandler
                0x0000000008100910                DMA1_Stream4_IRQHandler
                0x0000000008100910                OTG_FS_EP1_IN_IRQHandler
                0x0000000008100910                I2C1_ER_IRQHandler
                0x0000000008100910                FMC_IRQHandler
                0x0000000008100910                FDCAN_CAL_IRQHandler
                0x0000000008100910                SWPMI1_IRQHandler
                0x0000000008100910                COMP1_IRQHandler
                0x0000000008100910                LPTIM1_IRQHandler
                0x0000000008100910                I2C4_ER_IRQHandler
                0x0000000008100910                DMA2_Stream6_IRQHandler
                0x0000000008100910                SAI1_IRQHandler
                0x0000000008100910                DMA1_Stream3_IRQHandler
 *fill*         0x0000000008100912        0x2 
 .text.HAL_Init
                0x0000000008100914       0xbc ./Drivers/STM32H7xx_HAL_Driver/stm32h7xx_hal.o
                0x0000000008100914                HAL_Init
 .text.HAL_IncTick
                0x00000000081009d0       0x28 ./Drivers/STM32H7xx_HAL_Driver/stm32h7xx_hal.o
                0x00000000081009d0                HAL_IncTick
 .text.__NVIC_SetPriorityGrouping
                0x00000000081009f8       0x48 ./Drivers/STM32H7xx_HAL_Driver/stm32h7xx_hal_cortex.o
 .text.__NVIC_GetPriorityGrouping
                0x0000000008100a40       0x1c ./Drivers/STM32H7xx_HAL_Driver/stm32h7xx_hal_cortex.o
 .text.__NVIC_EnableIRQ
                0x0000000008100a5c       0x3c ./Drivers/STM32H7xx_HAL_Driver/stm32h7xx_hal_cortex.o
 .text.__NVIC_SetPriority
                0x0000000008100a98       0x54 ./Drivers/STM32H7xx_HAL_Driver/stm32h7xx_hal_cortex.o
 .text.NVIC_EncodePriority
                0x0000000008100aec       0x66 ./Drivers/STM32H7xx_HAL_Driver/stm32h7xx_hal_cortex.o
 .text.HAL_NVIC_SetPriorityGrouping
                0x0000000008100b52       0x16 ./Drivers/STM32H7xx_HAL_Driver/stm32h7xx_hal_cortex.o
                0x0000000008100b52                HAL_NVIC_SetPriorityGrouping
 .text.HAL_NVIC_SetPriority
                0x0000000008100b68       0x34 ./Drivers/STM32H7xx_HAL_Driver/stm32h7xx_hal_cortex.o
                0x0000000008100b68                HAL_NVIC_SetPriority
 .text.HAL_NVIC_EnableIRQ
                0x0000000008100b9c       0x1c ./Drivers/STM32H7xx_HAL_Driver/stm32h7xx_hal_cortex.o
                0x0000000008100b9c                HAL_NVIC_EnableIRQ
 .text.HAL_GetCurrentCPUID
                0x0000000008100bb8       0x28 ./Drivers/STM32H7xx_HAL_Driver/stm32h7xx_hal_cortex.o
                0x0000000008100bb8                HAL_GetCurrentCPUID
 .text.HAL_GPIO_Init
                0x0000000008100be0      0x360 ./Drivers/STM32H7xx_HAL_Driver/stm32h7xx_hal_gpio.o
                0x0000000008100be0                HAL_GPIO_Init
 .text.HAL_GPIO_WritePin
                0x0000000008100f40       0x32 ./Drivers/STM32H7xx_HAL_Driver/stm32h7xx_hal_gpio.o
                0x0000000008100f40                HAL_GPIO_WritePin
 .text.HAL_GPIO_TogglePin
                0x0000000008100f72       0x34 ./Drivers/STM32H7xx_HAL_Driver/stm32h7xx_hal_gpio.o
                0x0000000008100f72                HAL_GPIO_TogglePin
 *fill*         0x0000000008100fa6        0x2 
 .text.HAL_HSEM_Take
                0x0000000008100fa8       0x48 ./Drivers/STM32H7xx_HAL_Driver/stm32h7xx_hal_hsem.o
                0x0000000008100fa8                HAL_HSEM_Take
 .text.HAL_HSEM_Release
                0x0000000008100ff0       0x28 ./Drivers/STM32H7xx_HAL_Driver/stm32h7xx_hal_hsem.o
                0x0000000008100ff0                HAL_HSEM_Release
 .text.HAL_HSEM_ActivateNotification
                0x0000000008101018       0x24 ./Drivers/STM32H7xx_HAL_Driver/stm32h7xx_hal_hsem.o
                0x0000000008101018                HAL_HSEM_ActivateNotification
 .text.HAL_HSEM_IRQHandler
                0x000000000810103c       0x34 ./Drivers/STM32H7xx_HAL_Driver/stm32h7xx_hal_hsem.o
                0x000000000810103c                HAL_HSEM_IRQHandler
 .text.HAL_PWREx_EnterSTOPMode
                0x0000000008101070       0xf4 ./Drivers/STM32H7xx_HAL_Driver/stm32h7xx_hal_pwr_ex.o
                0x0000000008101070                HAL_PWREx_EnterSTOPMode
 .text.HAL_RCC_GetSysClockFreq
                0x0000000008101164      0x2f4 ./Drivers/STM32H7xx_HAL_Driver/stm32h7xx_hal_rcc.o
                0x0000000008101164                HAL_RCC_GetSysClockFreq
 .text.HAL_RCC_GetHCLKFreq
                0x0000000008101458       0x64 ./Drivers/STM32H7xx_HAL_Driver/stm32h7xx_hal_rcc.o
                0x0000000008101458                HAL_RCC_GetHCLKFreq
 .text.HAL_RCC_GetPCLK1Freq
                0x00000000081014bc       0x2c ./Drivers/STM32H7xx_HAL_Driver/stm32h7xx_hal_rcc.o
                0x00000000081014bc                HAL_RCC_GetPCLK1Freq
 .text.HAL_RCC_GetClockConfig
                0x00000000081014e8       0x84 ./Drivers/STM32H7xx_HAL_Driver/stm32h7xx_hal_rcc.o
                0x00000000081014e8                HAL_RCC_GetClockConfig
 .text.HAL_TIM_Base_Init
                0x000000000810156c       0xae ./Drivers/STM32H7xx_HAL_Driver/stm32h7xx_hal_tim.o
                0x000000000810156c                HAL_TIM_Base_Init
 .text.HAL_TIM_Base_MspInit
                0x000000000810161a       0x14 ./Drivers/STM32H7xx_HAL_Driver/stm32h7xx_hal_tim.o
                0x000000000810161a                HAL_TIM_Base_MspInit
 *fill*         0x000000000810162e        0x2 
 .text.HAL_TIM_Base_Start_IT
                0x0000000008101630       0xe0 ./Drivers/STM32H7xx_HAL_Driver/stm32h7xx_hal_tim.o
                0x0000000008101630                HAL_TIM_Base_Start_IT
 .text.HAL_TIM_IRQHandler
                0x0000000008101710      0x23e ./Drivers/STM32H7xx_HAL_Driver/stm32h7xx_hal_tim.o
                0x0000000008101710                HAL_TIM_IRQHandler
 .text.HAL_TIM_OC_DelayElapsedCallback
                0x000000000810194e       0x14 ./Drivers/STM32H7xx_HAL_Driver/stm32h7xx_hal_tim.o
                0x000000000810194e                HAL_TIM_OC_DelayElapsedCallback
 .text.HAL_TIM_IC_CaptureCallback
                0x0000000008101962       0x14 ./Drivers/STM32H7xx_HAL_Driver/stm32h7xx_hal_tim.o
                0x0000000008101962                HAL_TIM_IC_CaptureCallback
 .text.HAL_TIM_PWM_PulseFinishedCallback
                0x0000000008101976       0x14 ./Drivers/STM32H7xx_HAL_Driver/stm32h7xx_hal_tim.o
                0x0000000008101976                HAL_TIM_PWM_PulseFinishedCallback
 .text.HAL_TIM_TriggerCallback
                0x000000000810198a       0x14 ./Drivers/STM32H7xx_HAL_Driver/stm32h7xx_hal_tim.o
                0x000000000810198a                HAL_TIM_TriggerCallback
 *fill*         0x000000000810199e        0x2 
 .text.TIM_Base_SetConfig
                0x00000000081019a0      0x134 ./Drivers/STM32H7xx_HAL_Driver/stm32h7xx_hal_tim.o
                0x00000000081019a0                TIM_Base_SetConfig
 .text.HAL_TIMEx_CommutCallback
                0x0000000008101ad4       0x14 ./Drivers/STM32H7xx_HAL_Driver/stm32h7xx_hal_tim_ex.o
                0x0000000008101ad4                HAL_TIMEx_CommutCallback
 .text.HAL_TIMEx_BreakCallback
                0x0000000008101ae8       0x14 ./Drivers/STM32H7xx_HAL_Driver/stm32h7xx_hal_tim_ex.o
                0x0000000008101ae8                HAL_TIMEx_BreakCallback
 .text.HAL_TIMEx_Break2Callback
                0x0000000008101afc       0x14 ./Drivers/STM32H7xx_HAL_Driver/stm32h7xx_hal_tim_ex.o
                0x0000000008101afc                HAL_TIMEx_Break2Callback
 .text.__NVIC_SetPriority
                0x0000000008101b10       0x54 ./Middlewares/Third_Party/FreeRTOS/cmsis_os2.o
 .text.SysTick_Handler
                0x0000000008101b64       0x20 ./Middlewares/Third_Party/FreeRTOS/cmsis_os2.o
                0x0000000008101b64                SysTick_Handler
 .text.SVC_Setup
                0x0000000008101b84       0x12 ./Middlewares/Third_Party/FreeRTOS/cmsis_os2.o
 *fill*         0x0000000008101b96        0x2 
 .text.osKernelInitialize
                0x0000000008101b98       0x48 ./Middlewares/Third_Party/FreeRTOS/cmsis_os2.o
                0x0000000008101b98                osKernelInitialize
 .text.osKernelStart
                0x0000000008101be0       0x4c ./Middlewares/Third_Party/FreeRTOS/cmsis_os2.o
                0x0000000008101be0                osKernelStart
 .text.osThreadNew
                0x0000000008101c2c      0x126 ./Middlewares/Third_Party/FreeRTOS/cmsis_os2.o
                0x0000000008101c2c                osThreadNew
 *fill*         0x0000000008101d52        0x2 
 .text.vApplicationGetIdleTaskMemory
                0x0000000008101d54       0x34 ./Middlewares/Third_Party/FreeRTOS/cmsis_os2.o
                0x0000000008101d54                vApplicationGetIdleTaskMemory
 .text.vApplicationGetTimerTaskMemory
                0x0000000008101d88       0x34 ./Middlewares/Third_Party/FreeRTOS/cmsis_os2.o
                0x0000000008101d88                vApplicationGetTimerTaskMemory
 .text.pvPortMalloc
                0x0000000008101dbc      0x198 ./Middlewares/Third_Party/FreeRTOS/heap_4.o
                0x0000000008101dbc                pvPortMalloc
 .text.vPortFree
                0x0000000008101f54       0xc4 ./Middlewares/Third_Party/FreeRTOS/heap_4.o
                0x0000000008101f54                vPortFree
 .text.prvHeapInit
                0x0000000008102018       0xc4 ./Middlewares/Third_Party/FreeRTOS/heap_4.o
 .text.prvInsertBlockIntoFreeList
                0x00000000081020dc       0xb4 ./Middlewares/Third_Party/FreeRTOS/heap_4.o
 .text.vListInitialise
                0x0000000008102190       0x40 ./Middlewares/Third_Party/FreeRTOS/list.o
                0x0000000008102190                vListInitialise
 .text.vListInitialiseItem
                0x00000000081021d0       0x1a ./Middlewares/Third_Party/FreeRTOS/list.o
                0x00000000081021d0                vListInitialiseItem
 .text.vListInsertEnd
                0x00000000081021ea       0x48 ./Middlewares/Third_Party/FreeRTOS/list.o
                0x00000000081021ea                vListInsertEnd
 .text.vListInsert
                0x0000000008102232       0x72 ./Middlewares/Third_Party/FreeRTOS/list.o
                0x0000000008102232                vListInsert
 .text.uxListRemove
                0x00000000081022a4       0x54 ./Middlewares/Third_Party/FreeRTOS/list.o
                0x00000000081022a4                uxListRemove
 .text.pxPortInitialiseStack
                0x00000000081022f8       0x68 ./Middlewares/Third_Party/FreeRTOS/port.o
                0x00000000081022f8                pxPortInitialiseStack
 .text.prvTaskExitError
                0x0000000008102360       0x58 ./Middlewares/Third_Party/FreeRTOS/port.o
 *fill*         0x00000000081023b8        0x8 
 .text.SVC_Handler
                0x00000000081023c0       0x28 ./Middlewares/Third_Party/FreeRTOS/port.o
                0x00000000081023c0                SVC_Handler
 .text.prvPortStartFirstTask
                0x00000000081023e8       0x28 ./Middlewares/Third_Party/FreeRTOS/port.o
 .text.xPortStartScheduler
                0x0000000008102410      0x144 ./Middlewares/Third_Party/FreeRTOS/port.o
                0x0000000008102410                xPortStartScheduler
 .text.vPortEnterCritical
                0x0000000008102554       0x60 ./Middlewares/Third_Party/FreeRTOS/port.o
                0x0000000008102554                vPortEnterCritical
 .text.vPortExitCritical
                0x00000000081025b4       0x54 ./Middlewares/Third_Party/FreeRTOS/port.o
                0x00000000081025b4                vPortExitCritical
 *fill*         0x0000000008102608        0x8 
 .text.PendSV_Handler
                0x0000000008102610       0x68 ./Middlewares/Third_Party/FreeRTOS/port.o
                0x0000000008102610                PendSV_Handler
 .text.xPortSysTickHandler
                0x0000000008102678       0x44 ./Middlewares/Third_Party/FreeRTOS/port.o
                0x0000000008102678                xPortSysTickHandler
 .text.vPortSetupTimerInterrupt
                0x00000000081026bc       0x38 ./Middlewares/Third_Party/FreeRTOS/port.o
                0x00000000081026bc                vPortSetupTimerInterrupt
 .text.vPortEnableVFP
                0x00000000081026f4       0x14 ./Middlewares/Third_Party/FreeRTOS/port.o
 .text.vPortValidateInterruptPriority
                0x0000000008102708       0x80 ./Middlewares/Third_Party/FreeRTOS/port.o
                0x0000000008102708                vPortValidateInterruptPriority
 .text.xQueueGenericReset
                0x0000000008102788       0xd0 ./Middlewares/Third_Party/FreeRTOS/queue.o
                0x0000000008102788                xQueueGenericReset
 .text.xQueueGenericCreateStatic
                0x0000000008102858       0xf0 ./Middlewares/Third_Party/FreeRTOS/queue.o
                0x0000000008102858                xQueueGenericCreateStatic
 .text.prvInitialiseNewQueue
                0x0000000008102948       0x46 ./Middlewares/Third_Party/FreeRTOS/queue.o
 *fill*         0x000000000810298e        0x2 
 .text.xQueueGenericSend
                0x0000000008102990      0x1fc ./Middlewares/Third_Party/FreeRTOS/queue.o
                0x0000000008102990                xQueueGenericSend
 .text.xQueueGenericSendFromISR
                0x0000000008102b8c      0x136 ./Middlewares/Third_Party/FreeRTOS/queue.o
                0x0000000008102b8c                xQueueGenericSendFromISR
 *fill*         0x0000000008102cc2        0x2 
 .text.xQueueReceive
                0x0000000008102cc4      0x1c0 ./Middlewares/Third_Party/FreeRTOS/queue.o
                0x0000000008102cc4                xQueueReceive
 .text.prvCopyDataToQueue
                0x0000000008102e84       0xd4 ./Middlewares/Third_Party/FreeRTOS/queue.o
 .text.prvCopyDataFromQueue
                0x0000000008102f58       0x4c ./Middlewares/Third_Party/FreeRTOS/queue.o
 .text.prvUnlockQueue
                0x0000000008102fa4       0xa4 ./Middlewares/Third_Party/FreeRTOS/queue.o
 .text.prvIsQueueEmpty
                0x0000000008103048       0x2c ./Middlewares/Third_Party/FreeRTOS/queue.o
 .text.prvIsQueueFull
                0x0000000008103074       0x30 ./Middlewares/Third_Party/FreeRTOS/queue.o
 .text.vQueueAddToRegistry
                0x00000000081030a4       0x54 ./Middlewares/Third_Party/FreeRTOS/queue.o
                0x00000000081030a4                vQueueAddToRegistry
 .text.vQueueWaitForMessageRestricted
                0x00000000081030f8       0x68 ./Middlewares/Third_Party/FreeRTOS/queue.o
                0x00000000081030f8                vQueueWaitForMessageRestricted
 .text.xStreamBufferGenericCreate
                0x0000000008103160       0xb6 ./Middlewares/Third_Party/FreeRTOS/stream_buffer.o
                0x0000000008103160                xStreamBufferGenericCreate
 .text.xStreamBufferSpacesAvailable
                0x0000000008103216       0x66 ./Middlewares/Third_Party/FreeRTOS/stream_buffer.o
                0x0000000008103216                xStreamBufferSpacesAvailable
 .text.xStreamBufferSend
                0x000000000810327c      0x14c ./Middlewares/Third_Party/FreeRTOS/stream_buffer.o
                0x000000000810327c                xStreamBufferSend
 .text.prvWriteMessageToBuffer
                0x00000000081033c8       0x7a ./Middlewares/Third_Party/FreeRTOS/stream_buffer.o
 .text.xStreamBufferReceive
                0x0000000008103442      0x12a ./Middlewares/Third_Party/FreeRTOS/stream_buffer.o
                0x0000000008103442                xStreamBufferReceive
 .text.xStreamBufferReceiveFromISR
                0x000000000810356c       0xde ./Middlewares/Third_Party/FreeRTOS/stream_buffer.o
                0x000000000810356c                xStreamBufferReceiveFromISR
 .text.prvReadMessageFromBuffer
                0x000000000810364a       0x64 ./Middlewares/Third_Party/FreeRTOS/stream_buffer.o
 .text.xStreamBufferSendCompletedFromISR
                0x00000000081036ae       0x86 ./Middlewares/Third_Party/FreeRTOS/stream_buffer.o
                0x00000000081036ae                xStreamBufferSendCompletedFromISR
 .text.prvWriteBytesToBuffer
                0x0000000008103734       0xe4 ./Middlewares/Third_Party/FreeRTOS/stream_buffer.o
 .text.prvReadBytesFromBuffer
                0x0000000008103818       0xf4 ./Middlewares/Third_Party/FreeRTOS/stream_buffer.o
 .text.prvBytesInBuffer
                0x000000000810390c       0x40 ./Middlewares/Third_Party/FreeRTOS/stream_buffer.o
 .text.prvInitialiseNewStreamBuffer
                0x000000000810394c       0x66 ./Middlewares/Third_Party/FreeRTOS/stream_buffer.o
 .text.xTaskCreateStatic
                0x00000000081039b2       0xba ./Middlewares/Third_Party/FreeRTOS/tasks.o
                0x00000000081039b2                xTaskCreateStatic
 .text.xTaskCreate
                0x0000000008103a6c       0x8a ./Middlewares/Third_Party/FreeRTOS/tasks.o
                0x0000000008103a6c                xTaskCreate
 *fill*         0x0000000008103af6        0x2 
 .text.prvInitialiseNewTask
                0x0000000008103af8      0x14c ./Middlewares/Third_Party/FreeRTOS/tasks.o
 .text.prvAddNewTaskToReadyList
                0x0000000008103c44       0xe0 ./Middlewares/Third_Party/FreeRTOS/tasks.o
 .text.vTaskDelay
                0x0000000008103d24       0x68 ./Middlewares/Third_Party/FreeRTOS/tasks.o
                0x0000000008103d24                vTaskDelay
 .text.vTaskStartScheduler
                0x0000000008103d8c       0xe0 ./Middlewares/Third_Party/FreeRTOS/tasks.o
                0x0000000008103d8c                vTaskStartScheduler
 .text.vTaskSuspendAll
                0x0000000008103e6c       0x1c ./Middlewares/Third_Party/FreeRTOS/tasks.o
                0x0000000008103e6c                vTaskSuspendAll
 .text.xTaskResumeAll
                0x0000000008103e88      0x13c ./Middlewares/Third_Party/FreeRTOS/tasks.o
                0x0000000008103e88                xTaskResumeAll
 .text.xTaskGetTickCount
                0x0000000008103fc4       0x20 ./Middlewares/Third_Party/FreeRTOS/tasks.o
                0x0000000008103fc4                xTaskGetTickCount
 .text.xTaskIncrementTick
                0x0000000008103fe4      0x174 ./Middlewares/Third_Party/FreeRTOS/tasks.o
                0x0000000008103fe4                xTaskIncrementTick
 .text.vTaskSwitchContext
                0x0000000008104158       0xc8 ./Middlewares/Third_Party/FreeRTOS/tasks.o
                0x0000000008104158                vTaskSwitchContext
 .text.vTaskPlaceOnEventList
                0x0000000008104220       0x48 ./Middlewares/Third_Party/FreeRTOS/tasks.o
                0x0000000008104220                vTaskPlaceOnEventList
 .text.vTaskPlaceOnEventListRestricted
                0x0000000008104268       0x58 ./Middlewares/Third_Party/FreeRTOS/tasks.o
                0x0000000008104268                vTaskPlaceOnEventListRestricted
 .text.xTaskRemoveFromEventList
                0x00000000081042c0       0xc8 ./Middlewares/Third_Party/FreeRTOS/tasks.o
                0x00000000081042c0                xTaskRemoveFromEventList
 .text.vTaskSetTimeOutState
                0x0000000008104388       0x4c ./Middlewares/Third_Party/FreeRTOS/tasks.o
                0x0000000008104388                vTaskSetTimeOutState
 .text.vTaskInternalSetTimeOutState
                0x00000000081043d4       0x2c ./Middlewares/Third_Party/FreeRTOS/tasks.o
                0x00000000081043d4                vTaskInternalSetTimeOutState
 .text.xTaskCheckForTimeOut
                0x0000000008104400       0xc4 ./Middlewares/Third_Party/FreeRTOS/tasks.o
                0x0000000008104400                xTaskCheckForTimeOut
 .text.vTaskMissedYield
                0x00000000081044c4       0x18 ./Middlewares/Third_Party/FreeRTOS/tasks.o
                0x00000000081044c4                vTaskMissedYield
 .text.prvIdleTask
                0x00000000081044dc       0x30 ./Middlewares/Third_Party/FreeRTOS/tasks.o
 .text.prvInitialiseTaskLists
                0x000000000810450c       0x80 ./Middlewares/Third_Party/FreeRTOS/tasks.o
 .text.prvCheckTasksWaitingTermination
                0x000000000810458c       0x5c ./Middlewares/Third_Party/FreeRTOS/tasks.o
 .text.prvDeleteTCB
                0x00000000081045e8       0x68 ./Middlewares/Third_Party/FreeRTOS/tasks.o
 .text.prvResetNextTaskUnblockTime
                0x0000000008104650       0x40 ./Middlewares/Third_Party/FreeRTOS/tasks.o
 .text.xTaskGetCurrentTaskHandle
                0x0000000008104690       0x20 ./Middlewares/Third_Party/FreeRTOS/tasks.o
                0x0000000008104690                xTaskGetCurrentTaskHandle
 .text.xTaskGetSchedulerState
                0x00000000081046b0       0x3c ./Middlewares/Third_Party/FreeRTOS/tasks.o
                0x00000000081046b0                xTaskGetSchedulerState
 .text.xTaskPriorityDisinherit
                0x00000000081046ec       0xdc ./Middlewares/Third_Party/FreeRTOS/tasks.o
                0x00000000081046ec                xTaskPriorityDisinherit
 .text.xTaskNotifyWait
                0x00000000081047c8       0xc0 ./Middlewares/Third_Party/FreeRTOS/tasks.o
                0x00000000081047c8                xTaskNotifyWait
 .text.xTaskGenericNotify
                0x0000000008104888      0x17c ./Middlewares/Third_Party/FreeRTOS/tasks.o
                0x0000000008104888                xTaskGenericNotify
 .text.xTaskGenericNotifyFromISR
                0x0000000008104a04      0x1c8 ./Middlewares/Third_Party/FreeRTOS/tasks.o
                0x0000000008104a04                xTaskGenericNotifyFromISR
 .text.xTaskNotifyStateClear
                0x0000000008104bcc       0x4c ./Middlewares/Third_Party/FreeRTOS/tasks.o
                0x0000000008104bcc                xTaskNotifyStateClear
 .text.prvAddCurrentTaskToDelayedList
                0x0000000008104c18       0xa8 ./Middlewares/Third_Party/FreeRTOS/tasks.o
 .text.xTimerCreateTimerTask
                0x0000000008104cc0       0x90 ./Middlewares/Third_Party/FreeRTOS/timers.o
                0x0000000008104cc0                xTimerCreateTimerTask
 .text.xTimerGenericCommand
                0x0000000008104d50       0x9c ./Middlewares/Third_Party/FreeRTOS/timers.o
                0x0000000008104d50                xTimerGenericCommand
 .text.prvProcessExpiredTimer
                0x0000000008104dec       0x98 ./Middlewares/Third_Party/FreeRTOS/timers.o
 .text.prvTimerTask
                0x0000000008104e84       0x24 ./Middlewares/Third_Party/FreeRTOS/timers.o
 .text.prvProcessTimerOrBlockTask
                0x0000000008104ea8       0x9c ./Middlewares/Third_Party/FreeRTOS/timers.o
 .text.prvGetNextExpireTime
                0x0000000008104f44       0x48 ./Middlewares/Third_Party/FreeRTOS/timers.o
 .text.prvSampleTimeNow
                0x0000000008104f8c       0x40 ./Middlewares/Third_Party/FreeRTOS/timers.o
 .text.prvInsertTimerInActiveList
                0x0000000008104fcc       0x84 ./Middlewares/Third_Party/FreeRTOS/timers.o
 .text.prvProcessReceivedCommands
                0x0000000008105050      0x1c4 ./Middlewares/Third_Party/FreeRTOS/timers.o
 .text.prvSwitchTimerLists
                0x0000000008105214       0xc8 ./Middlewares/Third_Party/FreeRTOS/timers.o
 .text.prvCheckForValidListAndQueue
                0x00000000081052dc       0x80 ./Middlewares/Third_Party/FreeRTOS/timers.o
 .text.__libc_init_array
                0x000000000810535c       0x48 /opt/st/stm32cubeide_1.7.0/plugins/com.st.stm32cube.ide.mcu.externaltools.gnu-tools-for-stm32.9-2020-q2-update.linux64_2.0.0.202105311346/tools/bin/../lib/gcc/arm-none-eabi/9.3.1/../../../../arm-none-eabi/lib/thumb/v7e-m+fp/hard/libc_nano.a(lib_a-init.o)
                0x000000000810535c                __libc_init_array
 .text.__retarget_lock_acquire_recursive
                0x00000000081053a4        0x2 /opt/st/stm32cubeide_1.7.0/plugins/com.st.stm32cube.ide.mcu.externaltools.gnu-tools-for-stm32.9-2020-q2-update.linux64_2.0.0.202105311346/tools/bin/../lib/gcc/arm-none-eabi/9.3.1/../../../../arm-none-eabi/lib/thumb/v7e-m+fp/hard/libc_nano.a(lib_a-lock.o)
                0x00000000081053a4                __retarget_lock_acquire_recursive
 .text.__retarget_lock_release_recursive
                0x00000000081053a6        0x2 /opt/st/stm32cubeide_1.7.0/plugins/com.st.stm32cube.ide.mcu.externaltools.gnu-tools-for-stm32.9-2020-q2-update.linux64_2.0.0.202105311346/tools/bin/../lib/gcc/arm-none-eabi/9.3.1/../../../../arm-none-eabi/lib/thumb/v7e-m+fp/hard/libc_nano.a(lib_a-lock.o)
                0x00000000081053a6                __retarget_lock_release_recursive
 .text.memcpy   0x00000000081053a8       0x1c /opt/st/stm32cubeide_1.7.0/plugins/com.st.stm32cube.ide.mcu.externaltools.gnu-tools-for-stm32.9-2020-q2-update.linux64_2.0.0.202105311346/tools/bin/../lib/gcc/arm-none-eabi/9.3.1/../../../../arm-none-eabi/lib/thumb/v7e-m+fp/hard/libc_nano.a(lib_a-memcpy-stub.o)
                0x00000000081053a8                memcpy
 .text.memset   0x00000000081053c4       0x10 /opt/st/stm32cubeide_1.7.0/plugins/com.st.stm32cube.ide.mcu.externaltools.gnu-tools-for-stm32.9-2020-q2-update.linux64_2.0.0.202105311346/tools/bin/../lib/gcc/arm-none-eabi/9.3.1/../../../../arm-none-eabi/lib/thumb/v7e-m+fp/hard/libc_nano.a(lib_a-memset.o)
                0x00000000081053c4                memset
 .text.cleanup_glue
                0x00000000081053d4       0x1a /opt/st/stm32cubeide_1.7.0/plugins/com.st.stm32cube.ide.mcu.externaltools.gnu-tools-for-stm32.9-2020-q2-update.linux64_2.0.0.202105311346/tools/bin/../lib/gcc/arm-none-eabi/9.3.1/../../../../arm-none-eabi/lib/thumb/v7e-m+fp/hard/libc_nano.a(lib_a-reent.o)
                0x00000000081053d4                cleanup_glue
 *fill*         0x00000000081053ee        0x2 
 .text._reclaim_reent
                0x00000000081053f0       0xb8 /opt/st/stm32cubeide_1.7.0/plugins/com.st.stm32cube.ide.mcu.externaltools.gnu-tools-for-stm32.9-2020-q2-update.linux64_2.0.0.202105311346/tools/bin/../lib/gcc/arm-none-eabi/9.3.1/../../../../arm-none-eabi/lib/thumb/v7e-m+fp/hard/libc_nano.a(lib_a-reent.o)
                0x00000000081053f0                _reclaim_reent
 .text.__malloc_lock
                0x00000000081054a8        0xc /opt/st/stm32cubeide_1.7.0/plugins/com.st.stm32cube.ide.mcu.externaltools.gnu-tools-for-stm32.9-2020-q2-update.linux64_2.0.0.202105311346/tools/bin/../lib/gcc/arm-none-eabi/9.3.1/../../../../arm-none-eabi/lib/thumb/v7e-m+fp/hard/libc_nano.a(lib_a-mlock.o)
                0x00000000081054a8                __malloc_lock
 .text.__malloc_unlock
                0x00000000081054b4        0xc /opt/st/stm32cubeide_1.7.0/plugins/com.st.stm32cube.ide.mcu.externaltools.gnu-tools-for-stm32.9-2020-q2-update.linux64_2.0.0.202105311346/tools/bin/../lib/gcc/arm-none-eabi/9.3.1/../../../../arm-none-eabi/lib/thumb/v7e-m+fp/hard/libc_nano.a(lib_a-mlock.o)
                0x00000000081054b4                __malloc_unlock
 .text._free_r  0x00000000081054c0       0xa0 /opt/st/stm32cubeide_1.7.0/plugins/com.st.stm32cube.ide.mcu.externaltools.gnu-tools-for-stm32.9-2020-q2-update.linux64_2.0.0.202105311346/tools/bin/../lib/gcc/arm-none-eabi/9.3.1/../../../../arm-none-eabi/lib/thumb/v7e-m+fp/hard/libc_nano.a(lib_a-nano-freer.o)
                0x00000000081054c0                _free_r
 *(.glue_7)
 .glue_7        0x0000000008105560        0x0 linker stubs
 *(.glue_7t)
 .glue_7t       0x0000000008105560        0x0 linker stubs
 *(.eh_frame)
 .eh_frame      0x0000000008105560        0x0 /opt/st/stm32cubeide_1.7.0/plugins/com.st.stm32cube.ide.mcu.externaltools.gnu-tools-for-stm32.9-2020-q2-update.linux64_2.0.0.202105311346/tools/bin/../lib/gcc/arm-none-eabi/9.3.1/thumb/v7e-m+fp/hard/crtbegin.o
 *(.init)
 .init          0x0000000008105560        0x4 /opt/st/stm32cubeide_1.7.0/plugins/com.st.stm32cube.ide.mcu.externaltools.gnu-tools-for-stm32.9-2020-q2-update.linux64_2.0.0.202105311346/tools/bin/../lib/gcc/arm-none-eabi/9.3.1/thumb/v7e-m+fp/hard/crti.o
                0x0000000008105560                _init
 .init          0x0000000008105564        0x8 /opt/st/stm32cubeide_1.7.0/plugins/com.st.stm32cube.ide.mcu.externaltools.gnu-tools-for-stm32.9-2020-q2-update.linux64_2.0.0.202105311346/tools/bin/../lib/gcc/arm-none-eabi/9.3.1/thumb/v7e-m+fp/hard/crtn.o
 *(.fini)
 .fini          0x000000000810556c        0x4 /opt/st/stm32cubeide_1.7.0/plugins/com.st.stm32cube.ide.mcu.externaltools.gnu-tools-for-stm32.9-2020-q2-update.linux64_2.0.0.202105311346/tools/bin/../lib/gcc/arm-none-eabi/9.3.1/thumb/v7e-m+fp/hard/crti.o
                0x000000000810556c                _fini
 .fini          0x0000000008105570        0x8 /opt/st/stm32cubeide_1.7.0/plugins/com.st.stm32cube.ide.mcu.externaltools.gnu-tools-for-stm32.9-2020-q2-update.linux64_2.0.0.202105311346/tools/bin/../lib/gcc/arm-none-eabi/9.3.1/thumb/v7e-m+fp/hard/crtn.o
                0x0000000008105578                . = ALIGN (0x4)
                0x0000000008105578                _etext = .

.vfp11_veneer   0x0000000008105578        0x0
 .vfp11_veneer  0x0000000008105578        0x0 linker stubs

.v4_bx          0x0000000008105578        0x0
 .v4_bx         0x0000000008105578        0x0 linker stubs

.iplt           0x0000000008105578        0x0
 .iplt          0x0000000008105578        0x0 /opt/st/stm32cubeide_1.7.0/plugins/com.st.stm32cube.ide.mcu.externaltools.gnu-tools-for-stm32.9-2020-q2-update.linux64_2.0.0.202105311346/tools/bin/../lib/gcc/arm-none-eabi/9.3.1/thumb/v7e-m+fp/hard/crtbegin.o

.rodata         0x0000000008105578       0xb8
                0x0000000008105578                . = ALIGN (0x4)
 *(.rodata)
 .rodata        0x0000000008105578        0xc ./Core/Src/main.o
 .rodata        0x0000000008105584        0x5 ./Middlewares/Third_Party/FreeRTOS/tasks.o
 *fill*         0x0000000008105589        0x3 
 .rodata        0x000000000810558c        0xd ./Middlewares/Third_Party/FreeRTOS/timers.o
 *(.rodata*)
 *fill*         0x0000000008105599        0x3 
 .rodata.D1CorePrescTable
                0x000000000810559c       0x10 ./Common/Src/system_stm32h7xx_dualcore_boot_cm4_cm7.o
                0x000000000810559c                D1CorePrescTable
 .rodata.defaultTask_attributes
                0x00000000081055ac       0x24 ./Core/Src/main.o
                0x00000000081055ac                defaultTask_attributes
 .rodata.__sf_fake_stderr
                0x00000000081055d0       0x20 /opt/st/stm32cubeide_1.7.0/plugins/com.st.stm32cube.ide.mcu.externaltools.gnu-tools-for-stm32.9-2020-q2-update.linux64_2.0.0.202105311346/tools/bin/../lib/gcc/arm-none-eabi/9.3.1/../../../../arm-none-eabi/lib/thumb/v7e-m+fp/hard/libc_nano.a(lib_a-findfp.o)
                0x00000000081055d0                __sf_fake_stderr
 .rodata.__sf_fake_stdin
                0x00000000081055f0       0x20 /opt/st/stm32cubeide_1.7.0/plugins/com.st.stm32cube.ide.mcu.externaltools.gnu-tools-for-stm32.9-2020-q2-update.linux64_2.0.0.202105311346/tools/bin/../lib/gcc/arm-none-eabi/9.3.1/../../../../arm-none-eabi/lib/thumb/v7e-m+fp/hard/libc_nano.a(lib_a-findfp.o)
                0x00000000081055f0                __sf_fake_stdin
 .rodata.__sf_fake_stdout
                0x0000000008105610       0x20 /opt/st/stm32cubeide_1.7.0/plugins/com.st.stm32cube.ide.mcu.externaltools.gnu-tools-for-stm32.9-2020-q2-update.linux64_2.0.0.202105311346/tools/bin/../lib/gcc/arm-none-eabi/9.3.1/../../../../arm-none-eabi/lib/thumb/v7e-m+fp/hard/libc_nano.a(lib_a-findfp.o)
                0x0000000008105610                __sf_fake_stdout
                0x0000000008105630                . = ALIGN (0x4)

.rel.dyn        0x0000000008105630        0x0
 .rel.iplt      0x0000000008105630        0x0 /opt/st/stm32cubeide_1.7.0/plugins/com.st.stm32cube.ide.mcu.externaltools.gnu-tools-for-stm32.9-2020-q2-update.linux64_2.0.0.202105311346/tools/bin/../lib/gcc/arm-none-eabi/9.3.1/thumb/v7e-m+fp/hard/crtbegin.o

.ARM.extab
 *(.ARM.extab* .gnu.linkonce.armextab.*)

.ARM            0x0000000008105630        0x0
                0x0000000008105630                __exidx_start = .
 *(.ARM.exidx*)
                0x0000000008105630                __exidx_end = .

.preinit_array  0x0000000008105630        0x0
                0x0000000008105630                PROVIDE (__preinit_array_start = .)
 *(.preinit_array*)
                0x0000000008105630                PROVIDE (__preinit_array_end = .)

.init_array     0x0000000008105630        0x4
                0x0000000008105630                PROVIDE (__init_array_start = .)
 *(SORT_BY_NAME(.init_array.*))
 *(.init_array*)
 .init_array    0x0000000008105630        0x4 /opt/st/stm32cubeide_1.7.0/plugins/com.st.stm32cube.ide.mcu.externaltools.gnu-tools-for-stm32.9-2020-q2-update.linux64_2.0.0.202105311346/tools/bin/../lib/gcc/arm-none-eabi/9.3.1/thumb/v7e-m+fp/hard/crtbegin.o
                0x0000000008105634                PROVIDE (__init_array_end = .)

.fini_array     0x0000000008105634        0x4
                [!provide]                        PROVIDE (__fini_array_start = .)
 *(SORT_BY_NAME(.fini_array.*))
 *(.fini_array*)
 .fini_array    0x0000000008105634        0x4 /opt/st/stm32cubeide_1.7.0/plugins/com.st.stm32cube.ide.mcu.externaltools.gnu-tools-for-stm32.9-2020-q2-update.linux64_2.0.0.202105311346/tools/bin/../lib/gcc/arm-none-eabi/9.3.1/thumb/v7e-m+fp/hard/crtbegin.o
                [!provide]                        PROVIDE (__fini_array_end = .)

.FwHeaderSection
                0x0000000008105638        0x0
                0x0000000008105638                . = ALIGN (0x4)
 *(.FwHeaderSection)
                0x0000000008105638                . = ALIGN (0x4)
                0x0000000008105638                _sidata = LOADADDR (.data)

.data           0x0000000010000000       0x78 load address 0x0000000008105638
                0x0000000010000000                . = ALIGN (0x4)
                0x0000000010000000                _sdata = .
 *(.data)
 *(.data*)
 .data.SystemCoreClock
                0x0000000010000000        0x4 ./Common/Src/system_stm32h7xx_dualcore_boot_cm4_cm7.o
                0x0000000010000000                SystemCoreClock
 .data.SystemD2Clock
                0x0000000010000004        0x4 ./Common/Src/system_stm32h7xx_dualcore_boot_cm4_cm7.o
                0x0000000010000004                SystemD2Clock
 .data.uwTickPrio
                0x0000000010000008        0x4 ./Drivers/STM32H7xx_HAL_Driver/stm32h7xx_hal.o
                0x0000000010000008                uwTickPrio
 .data.uwTickFreq
                0x000000001000000c        0x1 ./Drivers/STM32H7xx_HAL_Driver/stm32h7xx_hal.o
                0x000000001000000c                uwTickFreq
 *fill*         0x000000001000000d        0x3 
 .data.uxCriticalNesting
                0x0000000010000010        0x4 ./Middlewares/Third_Party/FreeRTOS/port.o
 .data._impure_ptr
                0x0000000010000014        0x4 /opt/st/stm32cubeide_1.7.0/plugins/com.st.stm32cube.ide.mcu.externaltools.gnu-tools-for-stm32.9-2020-q2-update.linux64_2.0.0.202105311346/tools/bin/../lib/gcc/arm-none-eabi/9.3.1/../../../../arm-none-eabi/lib/thumb/v7e-m+fp/hard/libc_nano.a(lib_a-impure.o)
                0x0000000010000014                _impure_ptr
 .data.impure_data
                0x0000000010000018       0x60 /opt/st/stm32cubeide_1.7.0/plugins/com.st.stm32cube.ide.mcu.externaltools.gnu-tools-for-stm32.9-2020-q2-update.linux64_2.0.0.202105311346/tools/bin/../lib/gcc/arm-none-eabi/9.3.1/../../../../arm-none-eabi/lib/thumb/v7e-m+fp/hard/libc_nano.a(lib_a-impure.o)
                0x0000000010000078                . = ALIGN (0x4)
                0x0000000010000078                _edata = .

.igot.plt       0x0000000010000078        0x0 load address 0x00000000081056b0
 .igot.plt      0x0000000010000078        0x0 /opt/st/stm32cubeide_1.7.0/plugins/com.st.stm32cube.ide.mcu.externaltools.gnu-tools-for-stm32.9-2020-q2-update.linux64_2.0.0.202105311346/tools/bin/../lib/gcc/arm-none-eabi/9.3.1/thumb/v7e-m+fp/hard/crtbegin.o
                0x0000000010000078                . = ALIGN (0x4)

.bss            0x0000000010000078     0x1490 load address 0x00000000081056b0
                0x0000000010000078                _sbss = .
                0x0000000010000078                __bss_start__ = _sbss
 *(.bss)
 .bss           0x0000000010000078       0x1c /opt/st/stm32cubeide_1.7.0/plugins/com.st.stm32cube.ide.mcu.externaltools.gnu-tools-for-stm32.9-2020-q2-update.linux64_2.0.0.202105311346/tools/bin/../lib/gcc/arm-none-eabi/9.3.1/thumb/v7e-m+fp/hard/crtbegin.o
 *(.bss*)
 .bss.KernelState
                0x0000000010000094        0x4 ./Middlewares/Third_Party/FreeRTOS/cmsis_os2.o
 .bss.Idle_TCB.15553
                0x0000000010000098       0xbc ./Middlewares/Third_Party/FreeRTOS/cmsis_os2.o
 .bss.Idle_Stack.15554
                0x0000000010000154      0x400 ./Middlewares/Third_Party/FreeRTOS/cmsis_os2.o
 .bss.Timer_TCB.15560
                0x0000000010000554       0xbc ./Middlewares/Third_Party/FreeRTOS/cmsis_os2.o
 .bss.Timer_Stack.15561
                0x0000000010000610      0x800 ./Middlewares/Third_Party/FreeRTOS/cmsis_os2.o
 .bss.xStart    0x0000000010000e10        0x8 ./Middlewares/Third_Party/FreeRTOS/heap_4.o
 .bss.pxEnd     0x0000000010000e18        0x4 ./Middlewares/Third_Party/FreeRTOS/heap_4.o
 .bss.xFreeBytesRemaining
                0x0000000010000e1c        0x4 ./Middlewares/Third_Party/FreeRTOS/heap_4.o
 .bss.xMinimumEverFreeBytesRemaining
                0x0000000010000e20        0x4 ./Middlewares/Third_Party/FreeRTOS/heap_4.o
 .bss.xNumberOfSuccessfulAllocations
                0x0000000010000e24        0x4 ./Middlewares/Third_Party/FreeRTOS/heap_4.o
 .bss.xNumberOfSuccessfulFrees
                0x0000000010000e28        0x4 ./Middlewares/Third_Party/FreeRTOS/heap_4.o
 .bss.xBlockAllocatedBit
                0x0000000010000e2c        0x4 ./Middlewares/Third_Party/FreeRTOS/heap_4.o
 .bss.ucMaxSysCallPriority
                0x0000000010000e30        0x1 ./Middlewares/Third_Party/FreeRTOS/port.o
 *fill*         0x0000000010000e31        0x3 
 .bss.ulMaxPRIGROUPValue
                0x0000000010000e34        0x4 ./Middlewares/Third_Party/FreeRTOS/port.o
 .bss.pxCurrentTCB
                0x0000000010000e38        0x4 ./Middlewares/Third_Party/FreeRTOS/tasks.o
                0x0000000010000e38                pxCurrentTCB
 .bss.pxReadyTasksLists
                0x0000000010000e3c      0x460 ./Middlewares/Third_Party/FreeRTOS/tasks.o
 .bss.xDelayedTaskList1
                0x000000001000129c       0x14 ./Middlewares/Third_Party/FreeRTOS/tasks.o
 .bss.xDelayedTaskList2
                0x00000000100012b0       0x14 ./Middlewares/Third_Party/FreeRTOS/tasks.o
 .bss.pxDelayedTaskList
                0x00000000100012c4        0x4 ./Middlewares/Third_Party/FreeRTOS/tasks.o
 .bss.pxOverflowDelayedTaskList
                0x00000000100012c8        0x4 ./Middlewares/Third_Party/FreeRTOS/tasks.o
 .bss.xPendingReadyList
                0x00000000100012cc       0x14 ./Middlewares/Third_Party/FreeRTOS/tasks.o
 .bss.xTasksWaitingTermination
                0x00000000100012e0       0x14 ./Middlewares/Third_Party/FreeRTOS/tasks.o
 .bss.uxDeletedTasksWaitingCleanUp
                0x00000000100012f4        0x4 ./Middlewares/Third_Party/FreeRTOS/tasks.o
 .bss.xSuspendedTaskList
                0x00000000100012f8       0x14 ./Middlewares/Third_Party/FreeRTOS/tasks.o
 .bss.uxCurrentNumberOfTasks
                0x000000001000130c        0x4 ./Middlewares/Third_Party/FreeRTOS/tasks.o
 .bss.xTickCount
                0x0000000010001310        0x4 ./Middlewares/Third_Party/FreeRTOS/tasks.o
 .bss.uxTopReadyPriority
                0x0000000010001314        0x4 ./Middlewares/Third_Party/FreeRTOS/tasks.o
 .bss.xSchedulerRunning
                0x0000000010001318        0x4 ./Middlewares/Third_Party/FreeRTOS/tasks.o
 .bss.xPendedTicks
                0x000000001000131c        0x4 ./Middlewares/Third_Party/FreeRTOS/tasks.o
 .bss.xYieldPending
                0x0000000010001320        0x4 ./Middlewares/Third_Party/FreeRTOS/tasks.o
 .bss.xNumOfOverflows
                0x0000000010001324        0x4 ./Middlewares/Third_Party/FreeRTOS/tasks.o
 .bss.uxTaskNumber
                0x0000000010001328        0x4 ./Middlewares/Third_Party/FreeRTOS/tasks.o
 .bss.xNextTaskUnblockTime
                0x000000001000132c        0x4 ./Middlewares/Third_Party/FreeRTOS/tasks.o
 .bss.xIdleTaskHandle
                0x0000000010001330        0x4 ./Middlewares/Third_Party/FreeRTOS/tasks.o
 .bss.uxSchedulerSuspended
                0x0000000010001334        0x4 ./Middlewares/Third_Party/FreeRTOS/tasks.o
 .bss.xActiveTimerList1
                0x0000000010001338       0x14 ./Middlewares/Third_Party/FreeRTOS/timers.o
 .bss.xActiveTimerList2
                0x000000001000134c       0x14 ./Middlewares/Third_Party/FreeRTOS/timers.o
 .bss.pxCurrentTimerList
                0x0000000010001360        0x4 ./Middlewares/Third_Party/FreeRTOS/timers.o
 .bss.pxOverflowTimerList
                0x0000000010001364        0x4 ./Middlewares/Third_Party/FreeRTOS/timers.o
 .bss.xTimerQueue
                0x0000000010001368        0x4 ./Middlewares/Third_Party/FreeRTOS/timers.o
 .bss.xTimerTaskHandle
                0x000000001000136c        0x4 ./Middlewares/Third_Party/FreeRTOS/timers.o
 .bss.xLastTime.7011
                0x0000000010001370        0x4 ./Middlewares/Third_Party/FreeRTOS/timers.o
 .bss.ucStaticTimerQueueStorage.7062
                0x0000000010001374       0xa0 ./Middlewares/Third_Party/FreeRTOS/timers.o
 .bss.xStaticTimerQueue.7061
                0x0000000010001414       0x50 ./Middlewares/Third_Party/FreeRTOS/timers.o
 .bss.__malloc_free_list
                0x0000000010001464        0x4 /opt/st/stm32cubeide_1.7.0/plugins/com.st.stm32cube.ide.mcu.externaltools.gnu-tools-for-stm32.9-2020-q2-update.linux64_2.0.0.202105311346/tools/bin/../lib/gcc/arm-none-eabi/9.3.1/../../../../arm-none-eabi/lib/thumb/v7e-m+fp/hard/libc_nano.a(lib_a-nano-mallocr.o)
                0x0000000010001464                __malloc_free_list
 *(COMMON)
 COMMON         0x0000000010001468        0x4 ./Core/Src/main.o
                0x0000000010001468                defaultTaskHandle
 COMMON         0x000000001000146c       0x4c ./Core/Src/stm32h7xx_hal_timebase_tim.o
                0x000000001000146c                htim3
 COMMON         0x00000000100014b8        0x4 ./Drivers/STM32H7xx_HAL_Driver/stm32h7xx_hal.o
                0x00000000100014b8                uwTick
 COMMON         0x00000000100014bc       0x40 ./Middlewares/Third_Party/FreeRTOS/queue.o
                0x00000000100014bc                xQueueRegistry
 COMMON         0x00000000100014fc        0x9 /opt/st/stm32cubeide_1.7.0/plugins/com.st.stm32cube.ide.mcu.externaltools.gnu-tools-for-stm32.9-2020-q2-update.linux64_2.0.0.202105311346/tools/bin/../lib/gcc/arm-none-eabi/9.3.1/../../../../arm-none-eabi/lib/thumb/v7e-m+fp/hard/libc_nano.a(lib_a-lock.o)
                0x00000000100014fc                __lock___atexit_recursive_mutex
                0x00000000100014fd                __lock___arc4random_mutex
                0x00000000100014fe                __lock___env_recursive_mutex
                0x00000000100014ff                __lock___sinit_recursive_mutex
                0x0000000010001500                __lock___malloc_recursive_mutex
                0x0000000010001501                __lock___at_quick_exit_mutex
                0x0000000010001502                __lock___dd_hash_mutex
                0x0000000010001503                __lock___tz_mutex
                0x0000000010001504                __lock___sfp_recursive_mutex
                0x0000000010001508                . = ALIGN (0x4)
 *fill*         0x0000000010001505        0x3 
                0x0000000010001508                _ebss = .
                0x0000000010001508                __bss_end__ = _ebss

._user_heap_stack
                0x0000000010001508      0xa00 load address 0x00000000081056b0
                0x0000000010001508                . = ALIGN (0x8)
                [!provide]                        PROVIDE (end = .)
                0x0000000010001508                PROVIDE (_end = .)
                0x0000000010001708                . = (. + _Min_Heap_Size)
 *fill*         0x0000000010001508      0x200 
                0x0000000010001f08                . = (. + _Min_Stack_Size)
 *fill*         0x0000000010001708      0x800 
                0x0000000010001f08                . = ALIGN (0x8)

/DISCARD/
 libc.a(*)
 libm.a(*)
 libgcc.a(*)

.ARM.attributes
                0x0000000000000000       0x30
 *(.ARM.attributes)
 .ARM.attributes
                0x0000000000000000       0x1e /opt/st/stm32cubeide_1.7.0/plugins/com.st.stm32cube.ide.mcu.externaltools.gnu-tools-for-stm32.9-2020-q2-update.linux64_2.0.0.202105311346/tools/bin/../lib/gcc/arm-none-eabi/9.3.1/thumb/v7e-m+fp/hard/crti.o
 .ARM.attributes
                0x000000000000001e       0x34 /opt/st/stm32cubeide_1.7.0/plugins/com.st.stm32cube.ide.mcu.externaltools.gnu-tools-for-stm32.9-2020-q2-update.linux64_2.0.0.202105311346/tools/bin/../lib/gcc/arm-none-eabi/9.3.1/thumb/v7e-m+fp/hard/crtbegin.o
 .ARM.attributes
                0x0000000000000052       0x34 ./Common/Src/system_stm32h7xx_dualcore_boot_cm4_cm7.o
 .ARM.attributes
                0x0000000000000086       0x34 ./Core/STIPC/Core/Common/Src/cm_ipc.o
 .ARM.attributes
                0x00000000000000ba       0x34 ./Core/Src/main.o
 .ARM.attributes
                0x00000000000000ee       0x34 ./Core/Src/stm32h7xx_hal_msp.o
 .ARM.attributes
                0x0000000000000122       0x34 ./Core/Src/stm32h7xx_hal_timebase_tim.o
 .ARM.attributes
                0x0000000000000156       0x34 ./Core/Src/stm32h7xx_it.o
 .ARM.attributes
                0x000000000000018a       0x21 ./Core/Startup/startup_stm32h747xihx.o
 .ARM.attributes
                0x00000000000001ab       0x34 ./Drivers/STM32H7xx_HAL_Driver/stm32h7xx_hal.o
 .ARM.attributes
                0x00000000000001df       0x34 ./Drivers/STM32H7xx_HAL_Driver/stm32h7xx_hal_cortex.o
 .ARM.attributes
                0x0000000000000213       0x34 ./Drivers/STM32H7xx_HAL_Driver/stm32h7xx_hal_gpio.o
 .ARM.attributes
                0x0000000000000247       0x34 ./Drivers/STM32H7xx_HAL_Driver/stm32h7xx_hal_hsem.o
 .ARM.attributes
                0x000000000000027b       0x34 ./Drivers/STM32H7xx_HAL_Driver/stm32h7xx_hal_pwr_ex.o
 .ARM.attributes
                0x00000000000002af       0x34 ./Drivers/STM32H7xx_HAL_Driver/stm32h7xx_hal_rcc.o
 .ARM.attributes
                0x00000000000002e3       0x34 ./Drivers/STM32H7xx_HAL_Driver/stm32h7xx_hal_tim.o
 .ARM.attributes
                0x0000000000000317       0x34 ./Drivers/STM32H7xx_HAL_Driver/stm32h7xx_hal_tim_ex.o
 .ARM.attributes
                0x000000000000034b       0x34 ./Middlewares/Third_Party/FreeRTOS/cmsis_os2.o
 .ARM.attributes
                0x000000000000037f       0x34 ./Middlewares/Third_Party/FreeRTOS/heap_4.o
 .ARM.attributes
                0x00000000000003b3       0x34 ./Middlewares/Third_Party/FreeRTOS/list.o
 .ARM.attributes
                0x00000000000003e7       0x34 ./Middlewares/Third_Party/FreeRTOS/port.o
 .ARM.attributes
                0x000000000000041b       0x34 ./Middlewares/Third_Party/FreeRTOS/queue.o
 .ARM.attributes
                0x000000000000044f       0x34 ./Middlewares/Third_Party/FreeRTOS/stream_buffer.o
 .ARM.attributes
                0x0000000000000483       0x34 ./Middlewares/Third_Party/FreeRTOS/tasks.o
 .ARM.attributes
                0x00000000000004b7       0x34 ./Middlewares/Third_Party/FreeRTOS/timers.o
 .ARM.attributes
                0x00000000000004eb       0x34 /opt/st/stm32cubeide_1.7.0/plugins/com.st.stm32cube.ide.mcu.externaltools.gnu-tools-for-stm32.9-2020-q2-update.linux64_2.0.0.202105311346/tools/bin/../lib/gcc/arm-none-eabi/9.3.1/../../../../arm-none-eabi/lib/thumb/v7e-m+fp/hard/libc_nano.a(lib_a-findfp.o)
 .ARM.attributes
                0x000000000000051f       0x32 /opt/st/stm32cubeide_1.7.0/plugins/com.st.stm32cube.ide.mcu.externaltools.gnu-tools-for-stm32.9-2020-q2-update.linux64_2.0.0.202105311346/tools/bin/../lib/gcc/arm-none-eabi/9.3.1/../../../../arm-none-eabi/lib/thumb/v7e-m+fp/hard/libc_nano.a(lib_a-impure.o)
 .ARM.attributes
                0x0000000000000551       0x34 /opt/st/stm32cubeide_1.7.0/plugins/com.st.stm32cube.ide.mcu.externaltools.gnu-tools-for-stm32.9-2020-q2-update.linux64_2.0.0.202105311346/tools/bin/../lib/gcc/arm-none-eabi/9.3.1/../../../../arm-none-eabi/lib/thumb/v7e-m+fp/hard/libc_nano.a(lib_a-init.o)
 .ARM.attributes
                0x0000000000000585       0x34 /opt/st/stm32cubeide_1.7.0/plugins/com.st.stm32cube.ide.mcu.externaltools.gnu-tools-for-stm32.9-2020-q2-update.linux64_2.0.0.202105311346/tools/bin/../lib/gcc/arm-none-eabi/9.3.1/../../../../arm-none-eabi/lib/thumb/v7e-m+fp/hard/libc_nano.a(lib_a-lock.o)
 .ARM.attributes
                0x00000000000005b9       0x34 /opt/st/stm32cubeide_1.7.0/plugins/com.st.stm32cube.ide.mcu.externaltools.gnu-tools-for-stm32.9-2020-q2-update.linux64_2.0.0.202105311346/tools/bin/../lib/gcc/arm-none-eabi/9.3.1/../../../../arm-none-eabi/lib/thumb/v7e-m+fp/hard/libc_nano.a(lib_a-memcpy-stub.o)
 .ARM.attributes
                0x00000000000005ed       0x34 /opt/st/stm32cubeide_1.7.0/plugins/com.st.stm32cube.ide.mcu.externaltools.gnu-tools-for-stm32.9-2020-q2-update.linux64_2.0.0.202105311346/tools/bin/../lib/gcc/arm-none-eabi/9.3.1/../../../../arm-none-eabi/lib/thumb/v7e-m+fp/hard/libc_nano.a(lib_a-memset.o)
 .ARM.attributes
                0x0000000000000621       0x34 /opt/st/stm32cubeide_1.7.0/plugins/com.st.stm32cube.ide.mcu.externaltools.gnu-tools-for-stm32.9-2020-q2-update.linux64_2.0.0.202105311346/tools/bin/../lib/gcc/arm-none-eabi/9.3.1/../../../../arm-none-eabi/lib/thumb/v7e-m+fp/hard/libc_nano.a(lib_a-nano-mallocr.o)
 .ARM.attributes
                0x0000000000000655       0x34 /opt/st/stm32cubeide_1.7.0/plugins/com.st.stm32cube.ide.mcu.externaltools.gnu-tools-for-stm32.9-2020-q2-update.linux64_2.0.0.202105311346/tools/bin/../lib/gcc/arm-none-eabi/9.3.1/../../../../arm-none-eabi/lib/thumb/v7e-m+fp/hard/libc_nano.a(lib_a-reent.o)
 .ARM.attributes
                0x0000000000000689       0x34 /opt/st/stm32cubeide_1.7.0/plugins/com.st.stm32cube.ide.mcu.externaltools.gnu-tools-for-stm32.9-2020-q2-update.linux64_2.0.0.202105311346/tools/bin/../lib/gcc/arm-none-eabi/9.3.1/../../../../arm-none-eabi/lib/thumb/v7e-m+fp/hard/libc_nano.a(lib_a-mlock.o)
 .ARM.attributes
                0x00000000000006bd       0x34 /opt/st/stm32cubeide_1.7.0/plugins/com.st.stm32cube.ide.mcu.externaltools.gnu-tools-for-stm32.9-2020-q2-update.linux64_2.0.0.202105311346/tools/bin/../lib/gcc/arm-none-eabi/9.3.1/../../../../arm-none-eabi/lib/thumb/v7e-m+fp/hard/libc_nano.a(lib_a-nano-freer.o)
 .ARM.attributes
                0x00000000000006f1       0x1e /opt/st/stm32cubeide_1.7.0/plugins/com.st.stm32cube.ide.mcu.externaltools.gnu-tools-for-stm32.9-2020-q2-update.linux64_2.0.0.202105311346/tools/bin/../lib/gcc/arm-none-eabi/9.3.1/thumb/v7e-m+fp/hard/crtn.o

xtx_ctrl_Section
                0x0000000010040000        0x4
 *(xtx_ctrl_Section)
 xtx_ctrl_Section
                0x0000000010040000        0x4 ./Core/STIPC/Core/Common/Src/cm_ipc.o
                0x0000000010040000                xrx_ctrl_buf

xtx_data_Section
                0x0000000010040004        0x4
 *(xtx_data_Section)
 xtx_data_Section
                0x0000000010040004        0x4 ./Core/STIPC/Core/Common/Src/cm_ipc.o
                0x0000000010040004                xrx_data_buf

xrx_ctrl_Section
                0x0000000010040008        0x4
 *(xrx_ctrl_Section)
 xrx_ctrl_Section
                0x0000000010040008        0x4 ./Core/STIPC/Core/Common/Src/cm_ipc.o
                0x0000000010040008                xtx_ctrl_buf

xrx_data_Section
                0x000000001004000c        0x4
 *(xrx_data_Section)
 xrx_data_Section
                0x000000001004000c        0x4 ./Core/STIPC/Core/Common/Src/cm_ipc.o
                0x000000001004000c                xtx_data_buf

heap_mem        0x0000000010040020     0x3c00
 *(heap_mem)
 heap_mem       0x0000000010040020     0x3c00 ./Core/Src/main.o
                0x0000000010040020                ucHeap
OUTPUT(STM32H7_dual_core_CM4.elf elf32-littlearm)
LOAD linker stubs
LOAD /opt/st/stm32cubeide_1.7.0/plugins/com.st.stm32cube.ide.mcu.externaltools.gnu-tools-for-stm32.9-2020-q2-update.linux64_2.0.0.202105311346/tools/bin/../lib/gcc/arm-none-eabi/9.3.1/../../../../arm-none-eabi/lib/thumb/v7e-m+fp/hard/libc.a
LOAD /opt/st/stm32cubeide_1.7.0/plugins/com.st.stm32cube.ide.mcu.externaltools.gnu-tools-for-stm32.9-2020-q2-update.linux64_2.0.0.202105311346/tools/bin/../lib/gcc/arm-none-eabi/9.3.1/../../../../arm-none-eabi/lib/thumb/v7e-m+fp/hard/libm.a
LOAD /opt/st/stm32cubeide_1.7.0/plugins/com.st.stm32cube.ide.mcu.externaltools.gnu-tools-for-stm32.9-2020-q2-update.linux64_2.0.0.202105311346/tools/bin/../lib/gcc/arm-none-eabi/9.3.1/thumb/v7e-m+fp/hard/libgcc.a

.debug_info     0x0000000000000000    0x26717
 .debug_info    0x0000000000000000     0x11f9 ./Common/Src/system_stm32h7xx_dualcore_boot_cm4_cm7.o
 .debug_info    0x00000000000011f9     0x182c ./Core/STIPC/Core/Common/Src/cm_ipc.o
 .debug_info    0x0000000000002a25     0x1d29 ./Core/Src/main.o
 .debug_info    0x000000000000474e     0x1325 ./Core/Src/stm32h7xx_hal_msp.o
 .debug_info    0x0000000000005a73     0x1b1c ./Core/Src/stm32h7xx_hal_timebase_tim.o
 .debug_info    0x000000000000758f     0x12cc ./Core/Src/stm32h7xx_it.o
 .debug_info    0x000000000000885b       0x22 ./Core/Startup/startup_stm32h747xihx.o
 .debug_info    0x000000000000887d     0x2231 ./Drivers/STM32H7xx_HAL_Driver/stm32h7xx_hal.o
 .debug_info    0x000000000000aaae     0x1a58 ./Drivers/STM32H7xx_HAL_Driver/stm32h7xx_hal_cortex.o
 .debug_info    0x000000000000c506     0x189e ./Drivers/STM32H7xx_HAL_Driver/stm32h7xx_hal_gpio.o
 .debug_info    0x000000000000dda4      0xed3 ./Drivers/STM32H7xx_HAL_Driver/stm32h7xx_hal_hsem.o
 .debug_info    0x000000000000ec77     0x1b6e ./Drivers/STM32H7xx_HAL_Driver/stm32h7xx_hal_pwr_ex.o
 .debug_info    0x00000000000107e5     0x194f ./Drivers/STM32H7xx_HAL_Driver/stm32h7xx_hal_rcc.o
 .debug_info    0x0000000000012134     0x3639 ./Drivers/STM32H7xx_HAL_Driver/stm32h7xx_hal_tim.o
 .debug_info    0x000000000001576d     0x21cf ./Drivers/STM32H7xx_HAL_Driver/stm32h7xx_hal_tim_ex.o
 .debug_info    0x000000000001793c     0x4083 ./Middlewares/Third_Party/FreeRTOS/cmsis_os2.o
 .debug_info    0x000000000001b9bf      0xd90 ./Middlewares/Third_Party/FreeRTOS/heap_4.o
 .debug_info    0x000000000001c74f      0xb8e ./Middlewares/Third_Party/FreeRTOS/list.o
 .debug_info    0x000000000001d2dd      0xd96 ./Middlewares/Third_Party/FreeRTOS/port.o
 .debug_info    0x000000000001e073     0x23bc ./Middlewares/Third_Party/FreeRTOS/queue.o
 .debug_info    0x000000000002042f     0x1beb ./Middlewares/Third_Party/FreeRTOS/stream_buffer.o
 .debug_info    0x000000000002201a     0x2aee ./Middlewares/Third_Party/FreeRTOS/tasks.o
 .debug_info    0x0000000000024b08     0x1c0f ./Middlewares/Third_Party/FreeRTOS/timers.o

.debug_abbrev   0x0000000000000000     0x4420
 .debug_abbrev  0x0000000000000000      0x251 ./Common/Src/system_stm32h7xx_dualcore_boot_cm4_cm7.o
 .debug_abbrev  0x0000000000000251      0x39b ./Core/STIPC/Core/Common/Src/cm_ipc.o
 .debug_abbrev  0x00000000000005ec      0x373 ./Core/Src/main.o
 .debug_abbrev  0x000000000000095f      0x20f ./Core/Src/stm32h7xx_hal_msp.o
 .debug_abbrev  0x0000000000000b6e      0x271 ./Core/Src/stm32h7xx_hal_timebase_tim.o
 .debug_abbrev  0x0000000000000ddf      0x211 ./Core/Src/stm32h7xx_it.o
 .debug_abbrev  0x0000000000000ff0       0x12 ./Core/Startup/startup_stm32h747xihx.o
 .debug_abbrev  0x0000000000001002      0x324 ./Drivers/STM32H7xx_HAL_Driver/stm32h7xx_hal.o
 .debug_abbrev  0x0000000000001326      0x409 ./Drivers/STM32H7xx_HAL_Driver/stm32h7xx_hal_cortex.o
 .debug_abbrev  0x000000000000172f      0x2cb ./Drivers/STM32H7xx_HAL_Driver/stm32h7xx_hal_gpio.o
 .debug_abbrev  0x00000000000019fa      0x2e9 ./Drivers/STM32H7xx_HAL_Driver/stm32h7xx_hal_hsem.o
 .debug_abbrev  0x0000000000001ce3      0x37d ./Drivers/STM32H7xx_HAL_Driver/stm32h7xx_hal_pwr_ex.o
 .debug_abbrev  0x0000000000002060      0x322 ./Drivers/STM32H7xx_HAL_Driver/stm32h7xx_hal_rcc.o
 .debug_abbrev  0x0000000000002382      0x2f9 ./Drivers/STM32H7xx_HAL_Driver/stm32h7xx_hal_tim.o
 .debug_abbrev  0x000000000000267b      0x301 ./Drivers/STM32H7xx_HAL_Driver/stm32h7xx_hal_tim_ex.o
 .debug_abbrev  0x000000000000297c      0x4d2 ./Middlewares/Third_Party/FreeRTOS/cmsis_os2.o
 .debug_abbrev  0x0000000000002e4e      0x2d3 ./Middlewares/Third_Party/FreeRTOS/heap_4.o
 .debug_abbrev  0x0000000000003121      0x1f7 ./Middlewares/Third_Party/FreeRTOS/list.o
 .debug_abbrev  0x0000000000003318      0x335 ./Middlewares/Third_Party/FreeRTOS/port.o
 .debug_abbrev  0x000000000000364d      0x380 ./Middlewares/Third_Party/FreeRTOS/queue.o
 .debug_abbrev  0x00000000000039cd      0x3a2 ./Middlewares/Third_Party/FreeRTOS/stream_buffer.o
 .debug_abbrev  0x0000000000003d6f      0x39a ./Middlewares/Third_Party/FreeRTOS/tasks.o
 .debug_abbrev  0x0000000000004109      0x317 ./Middlewares/Third_Party/FreeRTOS/timers.o

.debug_aranges  0x0000000000000000     0x15e0
 .debug_aranges
                0x0000000000000000       0x28 ./Common/Src/system_stm32h7xx_dualcore_boot_cm4_cm7.o
 .debug_aranges
                0x0000000000000028       0x60 ./Core/STIPC/Core/Common/Src/cm_ipc.o
 .debug_aranges
                0x0000000000000088       0x48 ./Core/Src/main.o
 .debug_aranges
                0x00000000000000d0       0x20 ./Core/Src/stm32h7xx_hal_msp.o
 .debug_aranges
                0x00000000000000f0       0x30 ./Core/Src/stm32h7xx_hal_timebase_tim.o
 .debug_aranges
                0x0000000000000120       0x58 ./Core/Src/stm32h7xx_it.o
 .debug_aranges
                0x0000000000000178       0x28 ./Core/Startup/startup_stm32h747xihx.o
 .debug_aranges
                0x00000000000001a0      0x200 ./Drivers/STM32H7xx_HAL_Driver/stm32h7xx_hal.o
 .debug_aranges
                0x00000000000003a0      0x120 ./Drivers/STM32H7xx_HAL_Driver/stm32h7xx_hal_cortex.o
 .debug_aranges
                0x00000000000004c0       0x58 ./Drivers/STM32H7xx_HAL_Driver/stm32h7xx_hal_gpio.o
 .debug_aranges
                0x0000000000000518       0x70 ./Drivers/STM32H7xx_HAL_Driver/stm32h7xx_hal_hsem.o
 .debug_aranges
                0x0000000000000588      0x170 ./Drivers/STM32H7xx_HAL_Driver/stm32h7xx_hal_pwr_ex.o
 .debug_aranges
                0x00000000000006f8       0x88 ./Drivers/STM32H7xx_HAL_Driver/stm32h7xx_hal_rcc.o
 .debug_aranges
                0x0000000000000780      0x3e0 ./Drivers/STM32H7xx_HAL_Driver/stm32h7xx_hal_tim.o
 .debug_aranges
                0x0000000000000b60      0x188 ./Drivers/STM32H7xx_HAL_Driver/stm32h7xx_hal_tim_ex.o
 .debug_aranges
                0x0000000000000ce8      0x2b0 ./Middlewares/Third_Party/FreeRTOS/cmsis_os2.o
 .debug_aranges
                0x0000000000000f98       0x58 ./Middlewares/Third_Party/FreeRTOS/heap_4.o
 .debug_aranges
                0x0000000000000ff0       0x40 ./Middlewares/Third_Party/FreeRTOS/list.o
 .debug_aranges
                0x0000000000001030       0x80 ./Middlewares/Third_Party/FreeRTOS/port.o
 .debug_aranges
                0x00000000000010b0      0x158 ./Middlewares/Third_Party/FreeRTOS/queue.o
 .debug_aranges
                0x0000000000001208       0xe0 ./Middlewares/Third_Party/FreeRTOS/stream_buffer.o
 .debug_aranges
                0x00000000000012e8      0x208 ./Middlewares/Third_Party/FreeRTOS/tasks.o
 .debug_aranges
                0x00000000000014f0       0xf0 ./Middlewares/Third_Party/FreeRTOS/timers.o

.debug_ranges   0x0000000000000000     0x1478
 .debug_ranges  0x0000000000000000       0x18 ./Common/Src/system_stm32h7xx_dualcore_boot_cm4_cm7.o
 .debug_ranges  0x0000000000000018       0x50 ./Core/STIPC/Core/Common/Src/cm_ipc.o
 .debug_ranges  0x0000000000000068       0x38 ./Core/Src/main.o
 .debug_ranges  0x00000000000000a0       0x10 ./Core/Src/stm32h7xx_hal_msp.o
 .debug_ranges  0x00000000000000b0       0x20 ./Core/Src/stm32h7xx_hal_timebase_tim.o
 .debug_ranges  0x00000000000000d0       0x48 ./Core/Src/stm32h7xx_it.o
 .debug_ranges  0x0000000000000118       0x20 ./Core/Startup/startup_stm32h747xihx.o
 .debug_ranges  0x0000000000000138      0x1f0 ./Drivers/STM32H7xx_HAL_Driver/stm32h7xx_hal.o
 .debug_ranges  0x0000000000000328      0x110 ./Drivers/STM32H7xx_HAL_Driver/stm32h7xx_hal_cortex.o
 .debug_ranges  0x0000000000000438       0x48 ./Drivers/STM32H7xx_HAL_Driver/stm32h7xx_hal_gpio.o
 .debug_ranges  0x0000000000000480       0x60 ./Drivers/STM32H7xx_HAL_Driver/stm32h7xx_hal_hsem.o
 .debug_ranges  0x00000000000004e0      0x160 ./Drivers/STM32H7xx_HAL_Driver/stm32h7xx_hal_pwr_ex.o
 .debug_ranges  0x0000000000000640       0x78 ./Drivers/STM32H7xx_HAL_Driver/stm32h7xx_hal_rcc.o
 .debug_ranges  0x00000000000006b8      0x3d0 ./Drivers/STM32H7xx_HAL_Driver/stm32h7xx_hal_tim.o
 .debug_ranges  0x0000000000000a88      0x178 ./Drivers/STM32H7xx_HAL_Driver/stm32h7xx_hal_tim_ex.o
 .debug_ranges  0x0000000000000c00      0x2a0 ./Middlewares/Third_Party/FreeRTOS/cmsis_os2.o
 .debug_ranges  0x0000000000000ea0       0x48 ./Middlewares/Third_Party/FreeRTOS/heap_4.o
 .debug_ranges  0x0000000000000ee8       0x30 ./Middlewares/Third_Party/FreeRTOS/list.o
 .debug_ranges  0x0000000000000f18       0x70 ./Middlewares/Third_Party/FreeRTOS/port.o
 .debug_ranges  0x0000000000000f88      0x148 ./Middlewares/Third_Party/FreeRTOS/queue.o
 .debug_ranges  0x00000000000010d0       0xd0 ./Middlewares/Third_Party/FreeRTOS/stream_buffer.o
 .debug_ranges  0x00000000000011a0      0x1f8 ./Middlewares/Third_Party/FreeRTOS/tasks.o
 .debug_ranges  0x0000000000001398       0xe0 ./Middlewares/Third_Party/FreeRTOS/timers.o

.debug_macro    0x0000000000000000    0x468d9
 .debug_macro   0x0000000000000000      0x403 ./Common/Src/system_stm32h7xx_dualcore_boot_cm4_cm7.o
 .debug_macro   0x0000000000000403      0xaae ./Common/Src/system_stm32h7xx_dualcore_boot_cm4_cm7.o
 .debug_macro   0x0000000000000eb1       0x2e ./Common/Src/system_stm32h7xx_dualcore_boot_cm4_cm7.o
 .debug_macro   0x0000000000000edf       0x3b ./Common/Src/system_stm32h7xx_dualcore_boot_cm4_cm7.o
 .debug_macro   0x0000000000000f1a       0x22 ./Common/Src/system_stm32h7xx_dualcore_boot_cm4_cm7.o
 .debug_macro   0x0000000000000f3c       0x8e ./Common/Src/system_stm32h7xx_dualcore_boot_cm4_cm7.o
 .debug_macro   0x0000000000000fca       0x51 ./Common/Src/system_stm32h7xx_dualcore_boot_cm4_cm7.o
 .debug_macro   0x000000000000101b      0x103 ./Common/Src/system_stm32h7xx_dualcore_boot_cm4_cm7.o
 .debug_macro   0x000000000000111e       0x6a ./Common/Src/system_stm32h7xx_dualcore_boot_cm4_cm7.o
 .debug_macro   0x0000000000001188      0x1df ./Common/Src/system_stm32h7xx_dualcore_boot_cm4_cm7.o
 .debug_macro   0x0000000000001367       0x1c ./Common/Src/system_stm32h7xx_dualcore_boot_cm4_cm7.o
 .debug_macro   0x0000000000001383       0x22 ./Common/Src/system_stm32h7xx_dualcore_boot_cm4_cm7.o
 .debug_macro   0x00000000000013a5      0x101 ./Common/Src/system_stm32h7xx_dualcore_boot_cm4_cm7.o
 .debug_macro   0x00000000000014a6     0x1011 ./Common/Src/system_stm32h7xx_dualcore_boot_cm4_cm7.o
 .debug_macro   0x00000000000024b7      0x11f ./Common/Src/system_stm32h7xx_dualcore_boot_cm4_cm7.o
 .debug_macro   0x00000000000025d6    0x2c269 ./Common/Src/system_stm32h7xx_dualcore_boot_cm4_cm7.o
 .debug_macro   0x000000000002e83f       0x43 ./Common/Src/system_stm32h7xx_dualcore_boot_cm4_cm7.o
 .debug_macro   0x000000000002e882      0x29e ./Common/Src/system_stm32h7xx_dualcore_boot_cm4_cm7.o
 .debug_macro   0x000000000002eb20     0x3cd3 ./Common/Src/system_stm32h7xx_dualcore_boot_cm4_cm7.o
 .debug_macro   0x00000000000327f3      0x174 ./Common/Src/system_stm32h7xx_dualcore_boot_cm4_cm7.o
 .debug_macro   0x0000000000032967       0x52 ./Common/Src/system_stm32h7xx_dualcore_boot_cm4_cm7.o
 .debug_macro   0x00000000000329b9       0x18 ./Common/Src/system_stm32h7xx_dualcore_boot_cm4_cm7.o
 .debug_macro   0x00000000000329d1       0x3c ./Common/Src/system_stm32h7xx_dualcore_boot_cm4_cm7.o
 .debug_macro   0x0000000000032a0d       0x34 ./Common/Src/system_stm32h7xx_dualcore_boot_cm4_cm7.o
 .debug_macro   0x0000000000032a41       0x16 ./Common/Src/system_stm32h7xx_dualcore_boot_cm4_cm7.o
 .debug_macro   0x0000000000032a57       0x43 ./Common/Src/system_stm32h7xx_dualcore_boot_cm4_cm7.o
 .debug_macro   0x0000000000032a9a       0x34 ./Common/Src/system_stm32h7xx_dualcore_boot_cm4_cm7.o
 .debug_macro   0x0000000000032ace       0x10 ./Common/Src/system_stm32h7xx_dualcore_boot_cm4_cm7.o
 .debug_macro   0x0000000000032ade       0x58 ./Common/Src/system_stm32h7xx_dualcore_boot_cm4_cm7.o
 .debug_macro   0x0000000000032b36       0x71 ./Common/Src/system_stm32h7xx_dualcore_boot_cm4_cm7.o
 .debug_macro   0x0000000000032ba7       0x1c ./Common/Src/system_stm32h7xx_dualcore_boot_cm4_cm7.o
 .debug_macro   0x0000000000032bc3      0x12a ./Common/Src/system_stm32h7xx_dualcore_boot_cm4_cm7.o
 .debug_macro   0x0000000000032ced      0x333 ./Common/Src/system_stm32h7xx_dualcore_boot_cm4_cm7.o
 .debug_macro   0x0000000000033020      0x1a9 ./Common/Src/system_stm32h7xx_dualcore_boot_cm4_cm7.o
 .debug_macro   0x00000000000331c9       0x5d ./Common/Src/system_stm32h7xx_dualcore_boot_cm4_cm7.o
 .debug_macro   0x0000000000033226     0x3ae3 ./Common/Src/system_stm32h7xx_dualcore_boot_cm4_cm7.o
 .debug_macro   0x0000000000036d09     0x106b ./Common/Src/system_stm32h7xx_dualcore_boot_cm4_cm7.o
 .debug_macro   0x0000000000037d74      0x14d ./Common/Src/system_stm32h7xx_dualcore_boot_cm4_cm7.o
 .debug_macro   0x0000000000037ec1      0x133 ./Common/Src/system_stm32h7xx_dualcore_boot_cm4_cm7.o
 .debug_macro   0x0000000000037ff4      0x3c5 ./Common/Src/system_stm32h7xx_dualcore_boot_cm4_cm7.o
 .debug_macro   0x00000000000383b9       0x27 ./Common/Src/system_stm32h7xx_dualcore_boot_cm4_cm7.o
 .debug_macro   0x00000000000383e0      0x72d ./Common/Src/system_stm32h7xx_dualcore_boot_cm4_cm7.o
 .debug_macro   0x0000000000038b0d      0x229 ./Common/Src/system_stm32h7xx_dualcore_boot_cm4_cm7.o
 .debug_macro   0x0000000000038d36       0x66 ./Common/Src/system_stm32h7xx_dualcore_boot_cm4_cm7.o
 .debug_macro   0x0000000000038d9c      0x3c9 ./Common/Src/system_stm32h7xx_dualcore_boot_cm4_cm7.o
 .debug_macro   0x0000000000039165      0x22c ./Common/Src/system_stm32h7xx_dualcore_boot_cm4_cm7.o
 .debug_macro   0x0000000000039391      0x294 ./Common/Src/system_stm32h7xx_dualcore_boot_cm4_cm7.o
 .debug_macro   0x0000000000039625      0x6fc ./Common/Src/system_stm32h7xx_dualcore_boot_cm4_cm7.o
 .debug_macro   0x0000000000039d21      0x2c6 ./Common/Src/system_stm32h7xx_dualcore_boot_cm4_cm7.o
 .debug_macro   0x0000000000039fe7      0x408 ./Common/Src/system_stm32h7xx_dualcore_boot_cm4_cm7.o
 .debug_macro   0x000000000003a3ef      0x244 ./Common/Src/system_stm32h7xx_dualcore_boot_cm4_cm7.o
 .debug_macro   0x000000000003a633       0xd5 ./Common/Src/system_stm32h7xx_dualcore_boot_cm4_cm7.o
 .debug_macro   0x000000000003a708       0x4c ./Common/Src/system_stm32h7xx_dualcore_boot_cm4_cm7.o
 .debug_macro   0x000000000003a754      0x184 ./Common/Src/system_stm32h7xx_dualcore_boot_cm4_cm7.o
 .debug_macro   0x000000000003a8d8       0xd8 ./Common/Src/system_stm32h7xx_dualcore_boot_cm4_cm7.o
 .debug_macro   0x000000000003a9b0      0x3cb ./Common/Src/system_stm32h7xx_dualcore_boot_cm4_cm7.o
 .debug_macro   0x000000000003ad7b      0x4a2 ./Common/Src/system_stm32h7xx_dualcore_boot_cm4_cm7.o
 .debug_macro   0x000000000003b21d       0x51 ./Common/Src/system_stm32h7xx_dualcore_boot_cm4_cm7.o
 .debug_macro   0x000000000003b26e       0x4a ./Common/Src/system_stm32h7xx_dualcore_boot_cm4_cm7.o
 .debug_macro   0x000000000003b2b8      0x513 ./Common/Src/system_stm32h7xx_dualcore_boot_cm4_cm7.o
 .debug_macro   0x000000000003b7cb      0x22c ./Common/Src/system_stm32h7xx_dualcore_boot_cm4_cm7.o
 .debug_macro   0x000000000003b9f7       0x67 ./Common/Src/system_stm32h7xx_dualcore_boot_cm4_cm7.o
 .debug_macro   0x000000000003ba5e       0xa5 ./Common/Src/system_stm32h7xx_dualcore_boot_cm4_cm7.o
 .debug_macro   0x000000000003bb03      0x814 ./Common/Src/system_stm32h7xx_dualcore_boot_cm4_cm7.o
 .debug_macro   0x000000000003c317      0x229 ./Common/Src/system_stm32h7xx_dualcore_boot_cm4_cm7.o
 .debug_macro   0x000000000003c540       0x12 ./Common/Src/system_stm32h7xx_dualcore_boot_cm4_cm7.o
 .debug_macro   0x000000000003c552      0x198 ./Common/Src/system_stm32h7xx_dualcore_boot_cm4_cm7.o
 .debug_macro   0x000000000003c6ea       0xd6 ./Common/Src/system_stm32h7xx_dualcore_boot_cm4_cm7.o
 .debug_macro   0x000000000003c7c0      0x219 ./Common/Src/system_stm32h7xx_dualcore_boot_cm4_cm7.o
 .debug_macro   0x000000000003c9d9      0x2eb ./Common/Src/system_stm32h7xx_dualcore_boot_cm4_cm7.o
 .debug_macro   0x000000000003ccc4       0x35 ./Common/Src/system_stm32h7xx_dualcore_boot_cm4_cm7.o
 .debug_macro   0x000000000003ccf9      0x2d4 ./Common/Src/system_stm32h7xx_dualcore_boot_cm4_cm7.o
 .debug_macro   0x000000000003cfcd       0xb9 ./Common/Src/system_stm32h7xx_dualcore_boot_cm4_cm7.o
 .debug_macro   0x000000000003d086      0x34b ./Common/Src/system_stm32h7xx_dualcore_boot_cm4_cm7.o
 .debug_macro   0x000000000003d3d1      0x6b6 ./Common/Src/system_stm32h7xx_dualcore_boot_cm4_cm7.o
 .debug_macro   0x000000000003da87       0xe4 ./Common/Src/system_stm32h7xx_dualcore_boot_cm4_cm7.o
 .debug_macro   0x000000000003db6b      0x3bb ./Common/Src/system_stm32h7xx_dualcore_boot_cm4_cm7.o
 .debug_macro   0x000000000003df26       0x10 ./Common/Src/system_stm32h7xx_dualcore_boot_cm4_cm7.o
 .debug_macro   0x000000000003df36       0xe4 ./Common/Src/system_stm32h7xx_dualcore_boot_cm4_cm7.o
 .debug_macro   0x000000000003e01a       0x16 ./Common/Src/system_stm32h7xx_dualcore_boot_cm4_cm7.o
 .debug_macro   0x000000000003e030      0x1ce ./Common/Src/system_stm32h7xx_dualcore_boot_cm4_cm7.o
 .debug_macro   0x000000000003e1fe       0x11 ./Common/Src/system_stm32h7xx_dualcore_boot_cm4_cm7.o
 .debug_macro   0x000000000003e20f      0x5dd ./Common/Src/system_stm32h7xx_dualcore_boot_cm4_cm7.o
 .debug_macro   0x000000000003e7ec       0x9e ./Common/Src/system_stm32h7xx_dualcore_boot_cm4_cm7.o
 .debug_macro   0x000000000003e88a      0xad7 ./Common/Src/system_stm32h7xx_dualcore_boot_cm4_cm7.o
 .debug_macro   0x000000000003f361      0x2a0 ./Common/Src/system_stm32h7xx_dualcore_boot_cm4_cm7.o
 .debug_macro   0x000000000003f601      0x67e ./Common/Src/system_stm32h7xx_dualcore_boot_cm4_cm7.o
 .debug_macro   0x000000000003fc7f       0xa6 ./Common/Src/system_stm32h7xx_dualcore_boot_cm4_cm7.o
 .debug_macro   0x000000000003fd25      0x359 ./Common/Src/system_stm32h7xx_dualcore_boot_cm4_cm7.o
 .debug_macro   0x000000000004007e       0xb9 ./Common/Src/system_stm32h7xx_dualcore_boot_cm4_cm7.o
 .debug_macro   0x0000000000040137      0x798 ./Common/Src/system_stm32h7xx_dualcore_boot_cm4_cm7.o
 .debug_macro   0x00000000000408cf      0x5e0 ./Core/STIPC/Core/Common/Src/cm_ipc.o
 .debug_macro   0x0000000000040eaf      0x17d ./Core/STIPC/Core/Common/Src/cm_ipc.o
 .debug_macro   0x000000000004102c      0x15a ./Core/STIPC/Core/Common/Src/cm_ipc.o
 .debug_macro   0x0000000000041186       0xc9 ./Core/STIPC/Core/Common/Src/cm_ipc.o
 .debug_macro   0x000000000004124f       0x1c ./Core/STIPC/Core/Common/Src/cm_ipc.o
 .debug_macro   0x000000000004126b       0x26 ./Core/STIPC/Core/Common/Src/cm_ipc.o
 .debug_macro   0x0000000000041291       0x16 ./Core/STIPC/Core/Common/Src/cm_ipc.o
 .debug_macro   0x00000000000412a7       0x35 ./Core/STIPC/Core/Common/Src/cm_ipc.o
 .debug_macro   0x00000000000412dc      0x4b8 ./Core/STIPC/Core/Common/Src/cm_ipc.o
 .debug_macro   0x0000000000041794       0xb5 ./Core/STIPC/Core/Common/Src/cm_ipc.o
 .debug_macro   0x0000000000041849       0xaa ./Core/STIPC/Core/Common/Src/cm_ipc.o
 .debug_macro   0x00000000000418f3       0x66 ./Core/STIPC/Core/Common/Src/cm_ipc.o
 .debug_macro   0x0000000000041959       0x74 ./Core/STIPC/Core/Common/Src/cm_ipc.o
 .debug_macro   0x00000000000419cd       0xdd ./Core/STIPC/Core/Common/Src/cm_ipc.o
 .debug_macro   0x0000000000041aaa       0x18 ./Core/STIPC/Core/Common/Src/cm_ipc.o
 .debug_macro   0x0000000000041ac2       0x6d ./Core/STIPC/Core/Common/Src/cm_ipc.o
 .debug_macro   0x0000000000041b2f       0x87 ./Core/STIPC/Core/Common/Src/cm_ipc.o
 .debug_macro   0x0000000000041bb6       0x1c ./Core/STIPC/Core/Common/Src/cm_ipc.o
 .debug_macro   0x0000000000041bd2       0x10 ./Core/STIPC/Core/Common/Src/cm_ipc.o
 .debug_macro   0x0000000000041be2       0x10 ./Core/STIPC/Core/Common/Src/cm_ipc.o
 .debug_macro   0x0000000000041bf2       0x1c ./Core/STIPC/Core/Common/Src/cm_ipc.o
 .debug_macro   0x0000000000041c0e       0x52 ./Core/STIPC/Core/Common/Src/cm_ipc.o
 .debug_macro   0x0000000000041c60       0x22 ./Core/STIPC/Core/Common/Src/cm_ipc.o
 .debug_macro   0x0000000000041c82       0x10 ./Core/STIPC/Core/Common/Src/cm_ipc.o
 .debug_macro   0x0000000000041c92       0x40 ./Core/STIPC/Core/Common/Src/cm_ipc.o
 .debug_macro   0x0000000000041cd2       0xd5 ./Core/STIPC/Core/Common/Src/cm_ipc.o
 .debug_macro   0x0000000000041da7       0x1c ./Core/STIPC/Core/Common/Src/cm_ipc.o
 .debug_macro   0x0000000000041dc3       0x3d ./Core/STIPC/Core/Common/Src/cm_ipc.o
 .debug_macro   0x0000000000041e00       0x16 ./Core/STIPC/Core/Common/Src/cm_ipc.o
 .debug_macro   0x0000000000041e16      0x145 ./Core/STIPC/Core/Common/Src/cm_ipc.o
 .debug_macro   0x0000000000041f5b       0x22 ./Core/STIPC/Core/Common/Src/cm_ipc.o
 .debug_macro   0x0000000000041f7d       0x4c ./Core/STIPC/Core/Common/Src/cm_ipc.o
 .debug_macro   0x0000000000041fc9      0x4cc ./Core/Src/main.o
 .debug_macro   0x0000000000042495      0x40c ./Core/Src/stm32h7xx_hal_msp.o
 .debug_macro   0x00000000000428a1      0x3fd ./Core/Src/stm32h7xx_hal_timebase_tim.o
 .debug_macro   0x0000000000042c9e      0x416 ./Core/Src/stm32h7xx_it.o
 .debug_macro   0x00000000000430b4      0x427 ./Drivers/STM32H7xx_HAL_Driver/stm32h7xx_hal.o
 .debug_macro   0x00000000000434db      0x3fd ./Drivers/STM32H7xx_HAL_Driver/stm32h7xx_hal_cortex.o
 .debug_macro   0x00000000000438d8      0x447 ./Drivers/STM32H7xx_HAL_Driver/stm32h7xx_hal_gpio.o
 .debug_macro   0x0000000000043d1f      0x40f ./Drivers/STM32H7xx_HAL_Driver/stm32h7xx_hal_hsem.o
 .debug_macro   0x000000000004412e      0x436 ./Drivers/STM32H7xx_HAL_Driver/stm32h7xx_hal_pwr_ex.o
 .debug_macro   0x0000000000044564      0x421 ./Drivers/STM32H7xx_HAL_Driver/stm32h7xx_hal_rcc.o
 .debug_macro   0x0000000000044985      0x3fe ./Drivers/STM32H7xx_HAL_Driver/stm32h7xx_hal_tim.o