lv_color.h:602:26:lv_color_make	16	static
lv_color.h:675:26:lv_color_black	8	static
lv_anim.h:119:20:lv_anim_set_var	16	static
lv_anim.h:131:20:lv_anim_set_exec_cb	16	static
lv_anim.h:141:20:lv_anim_set_time	16	static
lv_anim.h:162:20:lv_anim_set_values	24	static
lv_anim.h:229:20:lv_anim_set_playback_time	16	static
lv_anim.h:249:20:lv_anim_set_repeat_count	16	static
lv_obj_pos.h:186:20:lv_obj_center	16	static
lv_disp.h:163:26:lv_scr_act	8	static
lv_example_img_4.c:4:13:ofs_y_anim	16	static
lv_example_img_4.c:12:6:lv_example_img_4	80	static
