lv_area.h:133:26:lv_area_get_width	16	static
lv_font.h:118:26:lv_font_get_line_height	16	static
lv_obj_style_gen.h:91:26:lv_obj_get_style_pad_top	24	static
lv_obj_style_gen.h:97:26:lv_obj_get_style_pad_bottom	24	static
lv_obj_style_gen.h:103:26:lv_obj_get_style_pad_left	24	static
lv_obj_style_gen.h:109:26:lv_obj_get_style_pad_right	24	static
lv_obj_style_gen.h:175:31:lv_obj_get_style_blend_mode	24	static
lv_obj_style_gen.h:313:26:lv_obj_get_style_text_color	24	static
lv_obj_style_gen.h:325:24:lv_obj_get_style_text_opa	24	static
lv_obj_style_gen.h:331:33:lv_obj_get_style_text_font	24	static
lv_obj_style_gen.h:337:26:lv_obj_get_style_text_letter_space	24	static
lv_obj_style_gen.h:343:26:lv_obj_get_style_text_line_space	24	static
lv_span.c:91:12:lv_spangroup_create	24	static
lv_span.c:103:13:lv_spangroup_new_span	24	static
lv_span.c:126:6:lv_spangroup_del_span	24	static
lv_span.c:158:6:lv_span_set_text	24	static
lv_span.c:180:6:lv_span_set_text_static	16	static
lv_span.c:198:6:lv_spangroup_set_align	24	static
lv_span.c:212:6:lv_spangroup_set_overflow	24	static
lv_span.c:226:6:lv_spangroup_set_indent	24	static
lv_span.c:240:6:lv_spangroup_set_mode	24	static
lv_span.c:258:17:lv_spangroup_get_align	24	static
lv_span.c:269:20:lv_spangroup_get_overflow	24	static
lv_span.c:280:12:lv_spangroup_get_indent	24	static
lv_span.c:291:16:lv_spangroup_get_mode	24	static
lv_span.c:301:6:lv_spangroup_refr_mode	32	static
lv_span.c:329:12:lv_spangroup_get_max_line_h	40	static
lv_span.c:350:12:lv_spangroup_get_expand_width	64	static
lv_span.c:385:12:lv_spangroup_get_expand_height	120	static
lv_span.c:484:13:lv_spangroup_constructor	24	static
lv_span.c:495:13:lv_spangroup_destructor	24	static
lv_span.c:511:13:lv_spangroup_event	24	static
lv_span.c:532:13:draw_main	48	static
lv_span.c:547:13:get_txt_coords	24	static
lv_span.c:564:13:lv_txt_get_snippet	40	static
lv_span.c:581:13:lv_snippet_push	16	static
lv_span.c:592:17:lv_get_snippet_cnt	4	static
lv_span.c:597:23:lv_get_snippet	16	static
lv_span.c:602:13:lv_snippet_clear	4	static
lv_span.c:607:26:lv_span_get_style_text_font	32	static
lv_span.c:621:19:lv_span_get_style_text_letter_space	24	static
lv_span.c:635:19:lv_span_get_style_text_color	24	static
lv_span.c:645:17:lv_span_get_style_text_opa	24	static
lv_span.c:659:24:lv_span_get_style_text_blend_mode	24	static
lv_span.c:673:16:lv_span_get_style_text_decor	32	static
lv_span.c:689:20:span_text_check	16	static
lv_span.c:697:20:is_break_char	24	static
lv_span.c:719:13:lv_draw_span	240	static
