lv_timer.c:54:6:_lv_timer_core_init	8	static
lv_timer.c:66:37:lv_timer_handler	32	static
lv_timer.c:140:14:lv_timer_create_basic	8	static
lv_timer.c:154:14:lv_timer_create	32	static
lv_timer.c:179:6:lv_timer_set_cb	16	static
lv_timer.c:188:6:lv_timer_del	16	static
lv_timer.c:200:6:lv_timer_pause	16	static
lv_timer.c:205:6:lv_timer_resume	16	static
lv_timer.c:215:6:lv_timer_set_period	16	static
lv_timer.c:224:6:lv_timer_ready	16	static
lv_timer.c:234:6:lv_timer_set_repeat_count	16	static
lv_timer.c:244:6:lv_timer_reset	16	static
lv_timer.c:253:6:lv_timer_enable	16	static
lv_timer.c:262:9:lv_timer_get_idle	4	static
lv_timer.c:272:14:lv_timer_get_next	16	static
lv_timer.c:287:13:lv_timer_exec	24	static
lv_timer.c:328:17:lv_timer_time_remaining	24	static
