lv_area.h:120:20:lv_area_copy	16	static
lv_area.h:263:26:lv_pct	16	static
lv_font.h:118:26:lv_font_get_line_height	16	static
lv_anim.h:119:20:lv_anim_set_var	16	static
lv_anim.h:131:20:lv_anim_set_exec_cb	16	static
lv_anim.h:141:20:lv_anim_set_time	16	static
lv_anim.h:162:20:lv_anim_set_values	24	static
lv_anim.h:189:20:lv_anim_set_path_cb	16	static
lv_anim.h:220:20:lv_anim_set_ready_cb	16	static
lv_anim.h:229:20:lv_anim_set_playback_time	16	static
lv_anim.h:249:20:lv_anim_set_repeat_count	16	static
lv_obj_style_gen.h:91:26:lv_obj_get_style_pad_top	24	static
lv_obj_style_gen.h:97:26:lv_obj_get_style_pad_bottom	24	static
lv_obj_style_gen.h:103:26:lv_obj_get_style_pad_left	24	static
lv_obj_style_gen.h:109:26:lv_obj_get_style_pad_right	24	static
lv_obj_style_gen.h:157:24:lv_obj_get_style_anim_time	24	static
lv_obj_style_gen.h:187:29:lv_obj_get_style_base_dir	24	static
lv_obj_style_gen.h:295:26:lv_obj_get_style_border_width	24	static
lv_obj_style_gen.h:331:33:lv_obj_get_style_text_font	24	static
lv_obj_style_gen.h:343:26:lv_obj_get_style_text_line_space	24	static
lv_obj_style_gen.h:355:31:lv_obj_get_style_text_align	24	static
lv_textarea.c:84:12:lv_textarea_create	24	static
lv_textarea.c:96:6:lv_textarea_add_char	120	static
lv_textarea.c:170:6:lv_textarea_add_text	112	static
lv_textarea.c:232:6:lv_textarea_del_char	56	static
lv_textarea.c:276:6:lv_textarea_del_char_forward	24	static
lv_textarea.c:289:6:lv_textarea_set_text	112	static
lv_textarea.c:349:6:lv_textarea_set_placeholder_text	24	static
lv_textarea.c:385:6:lv_textarea_set_cursor_pos	64	static
lv_textarea.c:430:6:lv_textarea_set_cursor_click_pos	24	static
lv_textarea.c:438:6:lv_textarea_set_password_mode	32	static
lv_textarea.c:471:6:lv_textarea_set_one_line	40	static
lv_textarea.c:497:6:lv_textarea_set_accepted_chars	24	static
lv_textarea.c:506:6:lv_textarea_set_max_length	24	static
lv_textarea.c:515:6:lv_textarea_set_insert_replace	16	static
lv_textarea.c:523:6:lv_textarea_set_text_selection	24	static
lv_textarea.c:539:6:lv_textarea_set_password_show_time	24	static
lv_textarea.c:547:6:lv_textarea_set_align	16	static
lv_textarea.c:569:14:lv_textarea_get_text	24	static
lv_textarea.c:586:14:lv_textarea_get_placeholder_text	24	static
lv_textarea.c:595:12:lv_textarea_get_label	24	static
lv_textarea.c:603:10:lv_textarea_get_cursor_pos	24	static
lv_textarea.c:611:6:lv_textarea_get_cursor_click_pos	24	static
lv_textarea.c:619:6:lv_textarea_get_password_mode	24	static
lv_textarea.c:627:6:lv_textarea_get_one_line	24	static
lv_textarea.c:635:14:lv_textarea_get_accepted_chars	24	static
lv_textarea.c:644:10:lv_textarea_get_max_length	24	static
lv_textarea.c:652:6:lv_textarea_text_is_selected	24	static
lv_textarea.c:672:6:lv_textarea_get_text_selection	24	static
lv_textarea.c:685:10:lv_textarea_get_password_show_time	24	static
lv_textarea.c:698:6:lv_textarea_clear_selection	24	static
lv_textarea.c:715:6:lv_textarea_cursor_right	24	static
lv_textarea.c:724:6:lv_textarea_cursor_left	24	static
lv_textarea.c:735:6:lv_textarea_cursor_down	56	static
lv_textarea.c:764:6:lv_textarea_cursor_up	56	static
lv_textarea.c:792:13:lv_textarea_constructor	32	static
lv_textarea.c:826:13:lv_textarea_destructor	24	static
lv_textarea.c:841:13:lv_textarea_event	32	static
lv_textarea.c:914:13:cursor_blink_anim_cb	32	static
lv_textarea.c:936:13:pwd_char_hider_anim	16	static
lv_textarea.c:946:13:pwd_char_hider_anim_ready	24	static
lv_textarea.c:956:13:pwd_char_hider	64	static
lv_textarea.c:994:13:char_is_accepted	40	static
lv_textarea.c:1022:13:start_cursor_blink	96	static
lv_textarea.c:1043:13:refr_cursor_area	80	static
lv_textarea.c:1131:13:update_cursor_position_on_click	64	static
lv_textarea.c:1247:17:insert_handler	16	static
lv_textarea.c:1264:13:draw_placeholder	88	static
lv_textarea.c:1289:13:draw_cursor	160	static
