lv_color.h:602:26:lv_color_make	16	static
lv_color.h:674:26:lv_color_white	8	static
lv_color.h:675:26:lv_color_black	8	static
lv_anim.h:119:20:lv_anim_set_var	16	static
lv_anim.h:131:20:lv_anim_set_exec_cb	16	static
lv_anim.h:141:20:lv_anim_set_time	16	static
lv_anim.h:162:20:lv_anim_set_values	24	static
lv_obj_style.h:92:20:lv_obj_remove_style_all	16	static
lv_obj_style.h:196:20:lv_obj_set_style_pad_all	24	static
lv_disp.h:163:26:lv_scr_act	8	static
gui.c:99:6:lv_init_widgets	64	static
gui.c:225:13:baudrate_event_handler	24	static
gui.c:261:13:settings_create	112	static
gui.c:408:13:phasors_timer_cb	24	static
gui.c:431:13:phasors_create	56	static
gui.c:529:13:frequency_chart_event_cb	56	static
gui.c:547:13:frequency_timer_cb	32	static
gui.c:557:13:frequency_create	72	static
gui.c:648:13:phase_chart_event_cb	56	static
gui.c:667:13:phase_timer_cb	24	static
gui.c:685:13:phase_create	72	static
gui.c:763:13:harmonics_timer_cb	16	static
gui.c:775:13:harmonics_create	56	static
gui.c:818:13:color_changer_create	40	static
gui.c:869:13:color_changer_anim_cb	48	static
gui.c:894:13:color_changer_event_cb	96	static
gui.c:917:13:color_event_cb	120	static
gui.c:960:6:ip_async_set_address	24	static
gui.c:966:6:ip_set_address	4	static
gui.c:1018:6:gps_async_set_status	24	static
gui.c:1030:6:gps_set_status	16	static
gui.c:1034:6:gps_protocol_async_set_status	24	static
gui.c:1046:6:gps_protocol_set_status	16	static
