lv_anim.h:119:20:lv_anim_set_var	16	static
lv_anim.h:131:20:lv_anim_set_exec_cb	16	static
lv_anim.h:141:20:lv_anim_set_time	16	static
lv_anim.h:162:20:lv_anim_set_values	24	static
lv_anim.h:189:20:lv_anim_set_path_cb	16	static
lv_anim.h:229:20:lv_anim_set_playback_time	16	static
lv_anim.h:239:20:lv_anim_set_playback_delay	16	static
lv_anim.h:249:20:lv_anim_set_repeat_count	16	static
lv_anim.h:259:20:lv_anim_set_repeat_delay	16	static
lv_disp.h:163:26:lv_scr_act	8	static
lv_example_anim_2.c:5:13:anim_x_cb	16	static
lv_example_anim_2.c:10:13:anim_size_cb	16	static
lv_example_anim_2.c:18:6:lv_example_anim_2	80	static
