lv_group.c:45:6:_lv_group_init	8	static
lv_group.c:50:14:lv_group_create	16	static
lv_group.c:71:6:lv_group_del	32	static
lv_group.c:90:6:lv_group_set_default	16	static
lv_group.c:95:14:lv_group_get_default	4	static
lv_group.c:100:6:lv_group_add_obj	32	static
lv_group.c:142:6:lv_group_remove_obj	32	static
lv_group.c:183:6:lv_group_remove_all_objs	32	static
lv_group.c:201:6:lv_group_focus_obj	40	static
lv_group.c:236:6:lv_group_focus_next	16	static
lv_group.c:241:6:lv_group_focus_prev	16	static
lv_group.c:246:6:lv_group_focus_freeze	16	static
lv_group.c:252:10:lv_group_send_data	24	static
lv_group.c:265:6:lv_group_set_focus_cb	16	static
lv_group.c:270:6:lv_group_set_editing	40	static
lv_group.c:288:6:lv_group_set_refocus_policy	16	static
lv_group.c:293:6:lv_group_set_wrap	16	static
lv_group.c:298:12:lv_group_get_focused	16	static
lv_group.c:306:21:lv_group_get_focus_cb	16	static
lv_group.c:312:6:lv_group_get_editing	16	static
lv_group.c:318:6:lv_group_get_wrap	16	static
lv_group.c:324:10:lv_group_get_obj_count	16	static
lv_group.c:332:13:lv_group_refocus	24	static
lv_group.c:346:13:focus_next_core	48	static
lv_group.c:416:21:get_indev	32	static
