lv_area.h:133:26:lv_area_get_width	16	static
lv_area.h:143:26:lv_area_get_height	16	static
lv_obj_style_gen.h:91:26:lv_obj_get_style_pad_top	24	static
lv_obj_style_gen.h:97:26:lv_obj_get_style_pad_bottom	24	static
lv_obj_style_gen.h:103:26:lv_obj_get_style_pad_left	24	static
lv_obj_style_gen.h:109:26:lv_obj_get_style_pad_right	24	static
lv_indev_scroll.c:45:6:_lv_indev_scroll_handler	48	static
lv_indev_scroll.c:94:6:_lv_indev_scroll_throw_handler	64	static
lv_indev_scroll.c:204:12:lv_indev_scroll_throw_predict	24	static
lv_indev_scroll.c:229:6:lv_indev_scroll_get_snap_dist	16	static
lv_indev_scroll.c:239:19:find_scroll_obj	56	static
lv_indev_scroll.c:344:13:init_scroll_limits	40	static
lv_indev_scroll.c:412:19:find_snap_point_x	64	static
lv_indev_scroll.c:466:19:find_snap_point_y	64	static
lv_indev_scroll.c:511:13:scroll_limit_diff	24	static
lv_indev_scroll.c:536:19:scroll_throw_predict_y	32	static
lv_indev_scroll.c:552:19:scroll_throw_predict_x	32	static
lv_indev_scroll.c:567:19:elastic_diff	48	static
