lv_area.h:120:20:lv_area_copy	16	static
lv_area.h:133:26:lv_area_get_width	16	static
lv_area.h:143:26:lv_area_get_height	16	static
lv_obj_style_gen.h:1:26:lv_obj_get_style_width	24	static
lv_obj_style_gen.h:7:26:lv_obj_get_style_min_width	24	static
lv_obj_style_gen.h:13:26:lv_obj_get_style_max_width	24	static
lv_obj_style_gen.h:19:26:lv_obj_get_style_height	24	static
lv_obj_style_gen.h:25:26:lv_obj_get_style_min_height	24	static
lv_obj_style_gen.h:31:26:lv_obj_get_style_max_height	24	static
lv_obj_style_gen.h:37:26:lv_obj_get_style_x	24	static
lv_obj_style_gen.h:43:26:lv_obj_get_style_y	24	static
lv_obj_style_gen.h:49:26:lv_obj_get_style_align	24	static
lv_obj_style_gen.h:67:26:lv_obj_get_style_translate_x	24	static
lv_obj_style_gen.h:73:26:lv_obj_get_style_translate_y	24	static
lv_obj_style_gen.h:91:26:lv_obj_get_style_pad_top	24	static
lv_obj_style_gen.h:97:26:lv_obj_get_style_pad_bottom	24	static
lv_obj_style_gen.h:103:26:lv_obj_get_style_pad_left	24	static
lv_obj_style_gen.h:109:26:lv_obj_get_style_pad_right	24	static
lv_obj_style_gen.h:181:24:lv_obj_get_style_layout	24	static
lv_obj_style_gen.h:187:29:lv_obj_get_style_base_dir	24	static
lv_obj_style_gen.h:295:26:lv_obj_get_style_border_width	24	static
lv_obj_pos.c:42:6:lv_obj_set_pos	16	static
lv_obj_pos.c:50:6:lv_obj_set_x	24	static
lv_obj_pos.c:67:6:lv_obj_set_y	24	static
lv_obj_pos.c:84:6:lv_obj_refr_size	80	static
lv_obj_pos.c:231:6:lv_obj_set_size	16	static
lv_obj_pos.c:239:6:lv_obj_set_width	24	static
lv_obj_pos.c:252:6:lv_obj_set_height	24	static
lv_obj_pos.c:265:6:lv_obj_set_content_width	24	static
lv_obj_pos.c:274:6:lv_obj_set_content_height	24	static
lv_obj_pos.c:283:6:lv_obj_set_layout	16	static
lv_obj_pos.c:292:6:lv_obj_is_layout_positioned	24	static
lv_obj_pos.c:304:6:lv_obj_mark_layout_as_dirty	24	static
lv_obj_pos.c:317:6:lv_obj_update_layout	24	static
lv_obj_pos.c:339:10:lv_layout_register	16	static
lv_obj_pos.c:350:6:lv_obj_set_align	16	static
lv_obj_pos.c:355:6:lv_obj_align	24	static
lv_obj_pos.c:361:6:lv_obj_align_to	48	static
lv_obj_pos.c:494:6:lv_obj_get_coords	16	static
lv_obj_pos.c:501:12:lv_obj_get_x	24	static
lv_obj_pos.c:519:12:lv_obj_get_x2	24	static
lv_obj_pos.c:526:12:lv_obj_get_y	24	static
lv_obj_pos.c:544:12:lv_obj_get_y2	24	static
lv_obj_pos.c:551:12:lv_obj_get_width	16	static
lv_obj_pos.c:558:12:lv_obj_get_height	16	static
lv_obj_pos.c:565:12:lv_obj_get_content_width	24	static
lv_obj_pos.c:576:12:lv_obj_get_content_height	24	static
lv_obj_pos.c:587:6:lv_obj_get_content_coords	24	static
lv_obj_pos.c:601:12:lv_obj_get_self_width	24	static
lv_obj_pos.c:608:12:lv_obj_get_self_height	24	static
lv_obj_pos.c:615:6:lv_obj_refresh_self_size	24	static
lv_obj_pos.c:625:6:lv_obj_refr_pos	40	static
lv_obj_pos.c:704:6:lv_obj_move_to	64	static
lv_obj_pos.c:776:6:lv_obj_move_children_by	32	static
lv_obj_pos.c:792:6:lv_obj_invalidate_area	32	static
lv_obj_pos.c:803:6:lv_obj_invalidate	32	static
lv_obj_pos.c:820:6:lv_obj_area_is_visible	40	static
lv_obj_pos.c:862:6:lv_obj_is_visible	32	static
lv_obj_pos.c:878:6:lv_obj_set_ext_click_area	16	static
lv_obj_pos.c:886:6:lv_obj_get_click_area	16	static
lv_obj_pos.c:897:6:lv_obj_hit_test	40	static
lv_obj_pos.c:915:12:lv_clamp_width	16	static
lv_obj_pos.c:922:12:lv_clamp_height	16	static
lv_obj_pos.c:941:13:calc_auto_size	32	static
lv_obj_pos.c:958:13:layout_update_core	32	static
