lv_area.h:120:20:lv_area_copy	16	static
lv_style.h:353:24:lv_style_get_prop_inlined	48	static
lv_obj_style_gen.h:1:26:lv_obj_get_style_width	24	static
lv_obj_style_gen.h:19:26:lv_obj_get_style_height	24	static
lv_obj_style_gen.h:49:26:lv_obj_get_style_align	24	static
lv_obj_style_gen.h:55:26:lv_obj_get_style_transform_width	24	static
lv_obj_style_gen.h:61:26:lv_obj_get_style_transform_height	24	static
lv_obj_style_gen.h:91:26:lv_obj_get_style_pad_top	24	static
lv_obj_style_gen.h:103:26:lv_obj_get_style_pad_left	24	static
lv_obj_style_gen.h:127:26:lv_obj_get_style_radius	24	static
lv_obj_style_gen.h:133:20:lv_obj_get_style_clip_corner	24	static
lv_obj_style_gen.h:139:24:lv_obj_get_style_opa	24	static
lv_obj_style_gen.h:175:31:lv_obj_get_style_blend_mode	24	static
lv_obj_style_gen.h:181:24:lv_obj_get_style_layout	24	static
lv_obj_style_gen.h:193:26:lv_obj_get_style_bg_color	24	static
lv_obj_style_gen.h:205:24:lv_obj_get_style_bg_opa	24	static
lv_obj_style_gen.h:277:26:lv_obj_get_style_border_color	24	static
lv_obj_style_gen.h:289:24:lv_obj_get_style_border_opa	24	static
lv_obj_style_gen.h:295:26:lv_obj_get_style_border_width	24	static
lv_obj_style_gen.h:307:20:lv_obj_get_style_border_post	24	static
lv_obj_style_gen.h:415:26:lv_obj_get_style_shadow_width	24	static
lv_obj_style_gen.h:433:26:lv_obj_get_style_shadow_spread	24	static
lv_obj_style_gen.h:439:26:lv_obj_get_style_shadow_color	24	static
lv_obj_style_gen.h:451:24:lv_obj_get_style_shadow_opa	24	static
lv_obj.c:82:6:lv_init	32	static
lv_obj.c:158:6:lv_deinit	8	static
lv_obj.c:174:12:lv_obj_create	24	static
lv_obj.c:190:6:lv_obj_add_flag	24	static
lv_obj.c:209:6:lv_obj_clear_flag	24	static
lv_obj.c:229:6:lv_obj_add_state	24	static
lv_obj.c:239:6:lv_obj_clear_state	24	static
lv_obj.c:253:6:lv_obj_has_flag	16	static
lv_obj.c:260:6:lv_obj_has_flag_any	16	static
lv_obj.c:267:12:lv_obj_get_state	16	static
lv_obj.c:274:6:lv_obj_has_state	16	static
lv_obj.c:281:8:lv_obj_get_group	16	static
lv_obj.c:293:6:lv_obj_allocate_spec_attr	16	static
lv_obj.c:311:6:lv_obj_check_type	16	static
lv_obj.c:317:6:lv_obj_has_class	24	static
lv_obj.c:328:24:lv_obj_get_class	16	static
lv_obj.c:333:6:lv_obj_is_valid	32	static
lv_obj.c:354:13:lv_obj_constructor	32	static
lv_obj.c:384:13:lv_obj_destructor	16	static
lv_obj.c:404:13:lv_obj_draw	144	static
lv_obj.c:516:13:draw_scrollbar	88	static
lv_obj.c:539:17:scrollbar_init_draw_dsc	32	static
lv_obj.c:588:13:lv_obj_event	80	static
lv_obj.c:698:13:lv_obj_set_state	88	static
lv_obj.c:771:13:obj_valid_child	32	static
